MPLINK 5.09, LINKER
Linker Map File - Created Thu Oct 07 17:32:51 2021

                                 Section Info
                  Section       Type    Address   Location Size(Bytes)
                ---------  ---------  ---------  ---------  ---------
                   .org_0       code   0x000000    program   0x000004
                   .cinit    romdata   0x000004    program   0x000002
                   .org_1       code   0x000008    program   0x000004
                   .org_2       code   0x000018    program   0x000004
                   .org_3       code   0x000040    program   0x000038



                              Program Memory Usage 
                               Start         End      
                           ---------   ---------      
                            0x000000    0x000005      
                            0x000008    0x00000b      
                            0x000018    0x00001b      
                            0x000040    0x000077      
            70 out of 33048 program addresses used, program memory utilization is 0%



                              Symbols - Sorted by Name
                     Name    Address   Location    Storage File                     
                ---------  ---------  ---------  --------- ---------                
                configInt   0x000066    program     static C:\MicrochipProjects\Interrupciones.X\InterrupcionesPrioridad.asm
               configPtos   0x00005a    program     static C:\MicrochipProjects\Interrupciones.X\InterrupcionesPrioridad.asm
                  highInt   0x00004c    program     static C:\MicrochipProjects\Interrupciones.X\InterrupcionesPrioridad.asm
                     loop   0x000048    program     static C:\MicrochipProjects\Interrupciones.X\InterrupcionesPrioridad.asm
                   lowInt   0x000052    program     static C:\MicrochipProjects\Interrupciones.X\InterrupcionesPrioridad.asm
                    start   0x000040    program     static C:\MicrochipProjects\Interrupciones.X\InterrupcionesPrioridad.asm



                              Symbols - Sorted by Address
                     Name    Address   Location    Storage File                     
                ---------  ---------  ---------  --------- ---------                
                    start   0x000040    program     static C:\MicrochipProjects\Interrupciones.X\InterrupcionesPrioridad.asm
                     loop   0x000048    program     static C:\MicrochipProjects\Interrupciones.X\InterrupcionesPrioridad.asm
                  highInt   0x00004c    program     static C:\MicrochipProjects\Interrupciones.X\InterrupcionesPrioridad.asm
                   lowInt   0x000052    program     static C:\MicrochipProjects\Interrupciones.X\InterrupcionesPrioridad.asm
               configPtos   0x00005a    program     static C:\MicrochipProjects\Interrupciones.X\InterrupcionesPrioridad.asm
                configInt   0x000066    program     static C:\MicrochipProjects\Interrupciones.X\InterrupcionesPrioridad.asm


