MPLINK 5.09, LINKER
Linker Map File - Created Fri Sep 17 12:38:24 2021

                                 Section Info
                  Section       Type    Address   Location Size(Bytes)
                ---------  ---------  ---------  ---------  ---------
                   .org_0       code   0x000000    program   0x000004
                   .cinit    romdata   0x000004    program   0x000002
                   .org_1       code   0x000008    program   0x000002
                   .org_2       code   0x000018    program   0x000002
                   .org_3       code   0x000030    program   0x000034



                              Program Memory Usage 
                               Start         End      
                           ---------   ---------      
                            0x000000    0x000005      
                            0x000008    0x000009      
                            0x000018    0x000019      
                            0x000030    0x000063      
            62 out of 33048 program addresses used, program memory utilization is 0%



                              Symbols - Sorted by Name
                     Name    Address   Location    Storage File                     
                ---------  ---------  ---------  --------- ---------                
                    loop1   0x000044    program     static C:\MicrochipProjects\Retardos.X\main.asm
                    loop2   0x000056    program     static C:\MicrochipProjects\Retardos.X\main.asm
               rutRetardo   0x000036    program     static C:\MicrochipProjects\Retardos.X\main.asm
                    start   0x000030    program     static C:\MicrochipProjects\Retardos.X\main.asm



                              Symbols - Sorted by Address
                     Name    Address   Location    Storage File                     
                ---------  ---------  ---------  --------- ---------                
                    start   0x000030    program     static C:\MicrochipProjects\Retardos.X\main.asm
               rutRetardo   0x000036    program     static C:\MicrochipProjects\Retardos.X\main.asm
                    loop1   0x000044    program     static C:\MicrochipProjects\Retardos.X\main.asm
                    loop2   0x000056    program     static C:\MicrochipProjects\Retardos.X\main.asm


