MPLINK 5.09, LINKER
Linker Map File - Created Tue Sep 28 17:23:31 2021

                                 Section Info
                  Section       Type    Address   Location Size(Bytes)
                ---------  ---------  ---------  ---------  ---------
                   .org_0       code   0x000000    program   0x000004
                   .cinit    romdata   0x000004    program   0x000002
                   .org_1       code   0x000008    program   0x000002
                   .org_2       code   0x000018    program   0x000002
                   .org_3       code   0x000030    program   0x00000a
                   .org_4       code   0x000040    program   0x0000ae



                              Program Memory Usage 
                               Start         End      
                           ---------   ---------      
                            0x000000    0x000005      
                            0x000008    0x000009      
                            0x000018    0x000019      
                            0x000030    0x000039      
                            0x000040    0x0000ed      
            194 out of 33048 program addresses used, program memory utilization is 0%



                              Symbols - Sorted by Name
                     Name    Address   Location    Storage File                     
                ---------  ---------  ---------  --------- ---------                
                CONFIGURE   0x000030    program     static C:\MicrochipProjects\RetoLCD.X\RetoLCD.asm
                DATA_READ   0x00009a    program     static C:\MicrochipProjects\RetoLCD.X\RetoLCD.asm
               DATA_WRITE   0x000092    program     static C:\MicrochipProjects\RetoLCD.X\RetoLCD.asm
               ESPERA_LCD   0x0000b2    program     static C:\MicrochipProjects\RetoLCD.X\RetoLCD.asm
                 INFINITE   0x000086    program     static C:\MicrochipProjects\RetoLCD.X\RetoLCD.asm
        INSTRUCTION_WRITE   0x00008a    program     static C:\MicrochipProjects\RetoLCD.X\RetoLCD.asm
                    PORTS   0x000030    program     static C:\MicrochipProjects\RetoLCD.X\RetoLCD.asm
                  REGRESA   0x0000bc    program     static C:\MicrochipProjects\RetoLCD.X\RetoLCD.asm
                SEND_DATA   0x0000a2    program     static C:\MicrochipProjects\RetoLCD.X\RetoLCD.asm
                    START   0x000040    program     static C:\MicrochipProjects\RetoLCD.X\RetoLCD.asm
                  WRITING   0x00005e    program     static C:\MicrochipProjects\RetoLCD.X\RetoLCD.asm
               delay100ms   0x0000d8    program     static C:\MicrochipProjects\RetoLCD.X\RetoLCD.asm
               delay100us   0x0000cc    program     static C:\MicrochipProjects\RetoLCD.X\RetoLCD.asm
                    loop1   0x0000d0    program     static C:\MicrochipProjects\RetoLCD.X\RetoLCD.asm
                    loop2   0x0000e0    program     static C:\MicrochipProjects\RetoLCD.X\RetoLCD.asm



                              Symbols - Sorted by Address
                     Name    Address   Location    Storage File                     
                ---------  ---------  ---------  --------- ---------                
                CONFIGURE   0x000030    program     static C:\MicrochipProjects\RetoLCD.X\RetoLCD.asm
                    PORTS   0x000030    program     static C:\MicrochipProjects\RetoLCD.X\RetoLCD.asm
                    START   0x000040    program     static C:\MicrochipProjects\RetoLCD.X\RetoLCD.asm
                  WRITING   0x00005e    program     static C:\MicrochipProjects\RetoLCD.X\RetoLCD.asm
                 INFINITE   0x000086    program     static C:\MicrochipProjects\RetoLCD.X\RetoLCD.asm
        INSTRUCTION_WRITE   0x00008a    program     static C:\MicrochipProjects\RetoLCD.X\RetoLCD.asm
               DATA_WRITE   0x000092    program     static C:\MicrochipProjects\RetoLCD.X\RetoLCD.asm
                DATA_READ   0x00009a    program     static C:\MicrochipProjects\RetoLCD.X\RetoLCD.asm
                SEND_DATA   0x0000a2    program     static C:\MicrochipProjects\RetoLCD.X\RetoLCD.asm
               ESPERA_LCD   0x0000b2    program     static C:\MicrochipProjects\RetoLCD.X\RetoLCD.asm
                  REGRESA   0x0000bc    program     static C:\MicrochipProjects\RetoLCD.X\RetoLCD.asm
               delay100us   0x0000cc    program     static C:\MicrochipProjects\RetoLCD.X\RetoLCD.asm
                    loop1   0x0000d0    program     static C:\MicrochipProjects\RetoLCD.X\RetoLCD.asm
               delay100ms   0x0000d8    program     static C:\MicrochipProjects\RetoLCD.X\RetoLCD.asm
                    loop2   0x0000e0    program     static C:\MicrochipProjects\RetoLCD.X\RetoLCD.asm


