MPLINK 5.09, LINKER
Linker Map File - Created Tue Sep 28 02:14:10 2021

                                 Section Info
                  Section       Type    Address   Location Size(Bytes)
                ---------  ---------  ---------  ---------  ---------
                   .org_0       code   0x000000    program   0x000004
                   .cinit    romdata   0x000004    program   0x000002
                   .org_1       code   0x000008    program   0x000002
                   .org_2       code   0x000018    program   0x000002
                   .org_3       code   0x000030    program   0x0002e6
.config_300000_BUILD/DEFAULT/DEBUG/EJERCICIO2.O    romdata   0x300000    program   0x000001
.config_300001_BUILD/DEFAULT/DEBUG/EJERCICIO2.O    romdata   0x300001    program   0x000001
.config_300002_BUILD/DEFAULT/DEBUG/EJERCICIO2.O    romdata   0x300002    program   0x000001
.config_300003_BUILD/DEFAULT/DEBUG/EJERCICIO2.O    romdata   0x300003    program   0x000001
.config_300005_BUILD/DEFAULT/DEBUG/EJERCICIO2.O    romdata   0x300005    program   0x000001
.config_300006_BUILD/DEFAULT/DEBUG/EJERCICIO2.O    romdata   0x300006    program   0x000001



                              Program Memory Usage 
                               Start         End      
                           ---------   ---------      
                            0x000000    0x000005      
                            0x000008    0x000009      
                            0x000018    0x000019      
                            0x000030    0x000315      
                            0x300000    0x300003      
                            0x300005    0x300006      
            758 out of 33048 program addresses used, program memory utilization is 2%



                              Symbols - Sorted by Name
                     Name    Address   Location    Storage File                     
                ---------  ---------  ---------  --------- ---------                
                ASTERISCO   0x0001b0    program     static C:\MicrochipProjects\Practica6.X\Ejercicio2.asm
         ASTERISCO_RETURN   0x0002c0    program     static C:\MicrochipProjects\Practica6.X\Ejercicio2.asm
                     CERO   0x0001c4    program     static C:\MicrochipProjects\Practica6.X\Ejercicio2.asm
              CERO_RETURN   0x0002d0    program     static C:\MicrochipProjects\Practica6.X\Ejercicio2.asm
                    CINCO   0x000124    program     static C:\MicrochipProjects\Practica6.X\Ejercicio2.asm
             CINCO_RETURN   0x000250    program     static C:\MicrochipProjects\Practica6.X\Ejercicio2.asm
                CONFIGURA   0x000030    program     static C:\MicrochipProjects\Practica6.X\Ejercicio2.asm
                   CUATRO   0x000110    program     static C:\MicrochipProjects\Practica6.X\Ejercicio2.asm
            CUATRO_RETURN   0x000240    program     static C:\MicrochipProjects\Practica6.X\Ejercicio2.asm
               DELAY_20ms   0x000300    program     static C:\MicrochipProjects\Practica6.X\Ejercicio2.asm
                      DOS   0x0000d4    program     static C:\MicrochipProjects\Practica6.X\Ejercicio2.asm
               DOS_RETURN   0x000210    program     static C:\MicrochipProjects\Practica6.X\Ejercicio2.asm
                     GATO   0x0001d8    program     static C:\MicrochipProjects\Practica6.X\Ejercicio2.asm
              GATO_RETURN   0x0002e0    program     static C:\MicrochipProjects\Practica6.X\Ejercicio2.asm
                    LOOP1   0x000308    program     static C:\MicrochipProjects\Practica6.X\Ejercicio2.asm
                    NUEVE   0x000188    program     static C:\MicrochipProjects\Practica6.X\Ejercicio2.asm
             NUEVE_RETURN   0x0002a0    program     static C:\MicrochipProjects\Practica6.X\Ejercicio2.asm
                  NUMERO1   0x000042    program     static C:\MicrochipProjects\Practica6.X\Ejercicio2.asm
                     OCHO   0x000174    program     static C:\MicrochipProjects\Practica6.X\Ejercicio2.asm
              OCHO_RETURN   0x000290    program     static C:\MicrochipProjects\Practica6.X\Ejercicio2.asm
                RECORRIDO   0x00004c    program     static C:\MicrochipProjects\Practica6.X\Ejercicio2.asm
                     SEIS   0x000138    program     static C:\MicrochipProjects\Practica6.X\Ejercicio2.asm
              SEIS_RETURN   0x000260    program     static C:\MicrochipProjects\Practica6.X\Ejercicio2.asm
                    SIETE   0x000160    program     static C:\MicrochipProjects\Practica6.X\Ejercicio2.asm
             SIETE_RETURN   0x000280    program     static C:\MicrochipProjects\Practica6.X\Ejercicio2.asm
                     TRES   0x0000e8    program     static C:\MicrochipProjects\Practica6.X\Ejercicio2.asm
              TRES_RETURN   0x000220    program     static C:\MicrochipProjects\Practica6.X\Ejercicio2.asm
                      UNO   0x0000c0    program     static C:\MicrochipProjects\Practica6.X\Ejercicio2.asm
               UNO_RETURN   0x000200    program     static C:\MicrochipProjects\Practica6.X\Ejercicio2.asm
                       _A   0x0000fc    program     static C:\MicrochipProjects\Practica6.X\Ejercicio2.asm
                _A_RETURN   0x000230    program     static C:\MicrochipProjects\Practica6.X\Ejercicio2.asm
                       _B   0x00014c    program     static C:\MicrochipProjects\Practica6.X\Ejercicio2.asm
                _B_RETURN   0x000270    program     static C:\MicrochipProjects\Practica6.X\Ejercicio2.asm
                       _C   0x00019c    program     static C:\MicrochipProjects\Practica6.X\Ejercicio2.asm
                _C_RETURN   0x0002b0    program     static C:\MicrochipProjects\Practica6.X\Ejercicio2.asm
                       _D   0x0001ec    program     static C:\MicrochipProjects\Practica6.X\Ejercicio2.asm
                _D_RETURN   0x0002f0    program     static C:\MicrochipProjects\Practica6.X\Ejercicio2.asm



                              Symbols - Sorted by Address
                     Name    Address   Location    Storage File                     
                ---------  ---------  ---------  --------- ---------                
                CONFIGURA   0x000030    program     static C:\MicrochipProjects\Practica6.X\Ejercicio2.asm
                  NUMERO1   0x000042    program     static C:\MicrochipProjects\Practica6.X\Ejercicio2.asm
                RECORRIDO   0x00004c    program     static C:\MicrochipProjects\Practica6.X\Ejercicio2.asm
                      UNO   0x0000c0    program     static C:\MicrochipProjects\Practica6.X\Ejercicio2.asm
                      DOS   0x0000d4    program     static C:\MicrochipProjects\Practica6.X\Ejercicio2.asm
                     TRES   0x0000e8    program     static C:\MicrochipProjects\Practica6.X\Ejercicio2.asm
                       _A   0x0000fc    program     static C:\MicrochipProjects\Practica6.X\Ejercicio2.asm
                   CUATRO   0x000110    program     static C:\MicrochipProjects\Practica6.X\Ejercicio2.asm
                    CINCO   0x000124    program     static C:\MicrochipProjects\Practica6.X\Ejercicio2.asm
                     SEIS   0x000138    program     static C:\MicrochipProjects\Practica6.X\Ejercicio2.asm
                       _B   0x00014c    program     static C:\MicrochipProjects\Practica6.X\Ejercicio2.asm
                    SIETE   0x000160    program     static C:\MicrochipProjects\Practica6.X\Ejercicio2.asm
                     OCHO   0x000174    program     static C:\MicrochipProjects\Practica6.X\Ejercicio2.asm
                    NUEVE   0x000188    program     static C:\MicrochipProjects\Practica6.X\Ejercicio2.asm
                       _C   0x00019c    program     static C:\MicrochipProjects\Practica6.X\Ejercicio2.asm
                ASTERISCO   0x0001b0    program     static C:\MicrochipProjects\Practica6.X\Ejercicio2.asm
                     CERO   0x0001c4    program     static C:\MicrochipProjects\Practica6.X\Ejercicio2.asm
                     GATO   0x0001d8    program     static C:\MicrochipProjects\Practica6.X\Ejercicio2.asm
                       _D   0x0001ec    program     static C:\MicrochipProjects\Practica6.X\Ejercicio2.asm
               UNO_RETURN   0x000200    program     static C:\MicrochipProjects\Practica6.X\Ejercicio2.asm
               DOS_RETURN   0x000210    program     static C:\MicrochipProjects\Practica6.X\Ejercicio2.asm
              TRES_RETURN   0x000220    program     static C:\MicrochipProjects\Practica6.X\Ejercicio2.asm
                _A_RETURN   0x000230    program     static C:\MicrochipProjects\Practica6.X\Ejercicio2.asm
            CUATRO_RETURN   0x000240    program     static C:\MicrochipProjects\Practica6.X\Ejercicio2.asm
             CINCO_RETURN   0x000250    program     static C:\MicrochipProjects\Practica6.X\Ejercicio2.asm
              SEIS_RETURN   0x000260    program     static C:\MicrochipProjects\Practica6.X\Ejercicio2.asm
                _B_RETURN   0x000270    program     static C:\MicrochipProjects\Practica6.X\Ejercicio2.asm
             SIETE_RETURN   0x000280    program     static C:\MicrochipProjects\Practica6.X\Ejercicio2.asm
              OCHO_RETURN   0x000290    program     static C:\MicrochipProjects\Practica6.X\Ejercicio2.asm
             NUEVE_RETURN   0x0002a0    program     static C:\MicrochipProjects\Practica6.X\Ejercicio2.asm
                _C_RETURN   0x0002b0    program     static C:\MicrochipProjects\Practica6.X\Ejercicio2.asm
         ASTERISCO_RETURN   0x0002c0    program     static C:\MicrochipProjects\Practica6.X\Ejercicio2.asm
              CERO_RETURN   0x0002d0    program     static C:\MicrochipProjects\Practica6.X\Ejercicio2.asm
              GATO_RETURN   0x0002e0    program     static C:\MicrochipProjects\Practica6.X\Ejercicio2.asm
                _D_RETURN   0x0002f0    program     static C:\MicrochipProjects\Practica6.X\Ejercicio2.asm
               DELAY_20ms   0x000300    program     static C:\MicrochipProjects\Practica6.X\Ejercicio2.asm
                    LOOP1   0x000308    program     static C:\MicrochipProjects\Practica6.X\Ejercicio2.asm


