MPLINK 5.09, LINKER
Linker Map File - Created Mon Oct 25 00:39:49 2021

                                 Section Info
                  Section       Type    Address   Location Size(Bytes)
                ---------  ---------  ---------  ---------  ---------
                   .org_0       code   0x000000    program   0x000076
                   .cinit    romdata   0x000076    program   0x000002



                              Program Memory Usage 
                               Start         End      
                           ---------   ---------      
                            0x000000    0x000077      
            120 out of 33048 program addresses used, program memory utilization is 0%



                              Symbols - Sorted by Name
                     Name    Address   Location    Storage File                     
                ---------  ---------  ---------  --------- ---------                
                CONFIGURA   0x000004    program     static C:\MicrochipProjects\RetoTimers.X\EjercicioProyectoFinal.asm
                  DECODER   0x000044    program     static C:\MicrochipProjects\RetoTimers.X\EjercicioProyectoFinal.asm
                   LED_01   0x000052    program     static C:\MicrochipProjects\RetoTimers.X\EjercicioProyectoFinal.asm
                   LED_10   0x000060    program     static C:\MicrochipProjects\RetoTimers.X\EjercicioProyectoFinal.asm
                   LED_11   0x000072    program     static C:\MicrochipProjects\RetoTimers.X\EjercicioProyectoFinal.asm
          RANDOM_REGISTER   0x00002a    program     static C:\MicrochipProjects\RetoTimers.X\EjercicioProyectoFinal.asm
                    start   0x000018    program     static C:\MicrochipProjects\RetoTimers.X\EjercicioProyectoFinal.asm



                              Symbols - Sorted by Address
                     Name    Address   Location    Storage File                     
                ---------  ---------  ---------  --------- ---------                
                CONFIGURA   0x000004    program     static C:\MicrochipProjects\RetoTimers.X\EjercicioProyectoFinal.asm
                    start   0x000018    program     static C:\MicrochipProjects\RetoTimers.X\EjercicioProyectoFinal.asm
          RANDOM_REGISTER   0x00002a    program     static C:\MicrochipProjects\RetoTimers.X\EjercicioProyectoFinal.asm
                  DECODER   0x000044    program     static C:\MicrochipProjects\RetoTimers.X\EjercicioProyectoFinal.asm
                   LED_01   0x000052    program     static C:\MicrochipProjects\RetoTimers.X\EjercicioProyectoFinal.asm
                   LED_10   0x000060    program     static C:\MicrochipProjects\RetoTimers.X\EjercicioProyectoFinal.asm
                   LED_11   0x000072    program     static C:\MicrochipProjects\RetoTimers.X\EjercicioProyectoFinal.asm


