MPLINK 5.09, LINKER
Linker Map File - Created Wed Sep 15 18:09:07 2021

                                 Section Info
                  Section       Type    Address   Location Size(Bytes)
                ---------  ---------  ---------  ---------  ---------
                   .org_0       code   0x000000    program   0x000160
                   .cinit    romdata   0x000160    program   0x000002
.config_300000_BUILD/DEFAULT/PRODUCTION/PART1_2    romdata   0x300000    program   0x000001
.config_300001_BUILD/DEFAULT/PRODUCTION/PART1_2    romdata   0x300001    program   0x000001
.config_300002_BUILD/DEFAULT/PRODUCTION/PART1_2    romdata   0x300002    program   0x000001
.config_300003_BUILD/DEFAULT/PRODUCTION/PART1_2    romdata   0x300003    program   0x000001
.config_300005_BUILD/DEFAULT/PRODUCTION/PART1_2    romdata   0x300005    program   0x000001
.config_300006_BUILD/DEFAULT/PRODUCTION/PART1_2    romdata   0x300006    program   0x000001



                              Program Memory Usage 
                               Start         End      
                           ---------   ---------      
                            0x000000    0x000161      
                            0x300000    0x300003      
                            0x300005    0x300006      
            360 out of 33048 program addresses used, program memory utilization is 1%



                              Symbols - Sorted by Name
                     Name    Address   Location    Storage File                     
                ---------  ---------  ---------  --------- ---------                
                       B1   0x000068    program     static C:\MicrochipProjects\Practica5.X\Part1_2.asm
                       B2   0x000090    program     static C:\MicrochipProjects\Practica5.X\Part1_2.asm
                       B3   0x0000b8    program     static C:\MicrochipProjects\Practica5.X\Part1_2.asm
                     B3.2   0x0000e0    program     static C:\MicrochipProjects\Practica5.X\Part1_2.asm
                       B4   0x00010e    program     static C:\MicrochipProjects\Practica5.X\Part1_2.asm
            B4_ANTIREBOTE   0x000118    program     static C:\MicrochipProjects\Practica5.X\Part1_2.asm
                MAIN_CONF   0x000000    program     static C:\MicrochipProjects\Practica5.X\Part1_2.asm
                     MENU   0x000030    program     static C:\MicrochipProjects\Practica5.X\Part1_2.asm
          MENU_ANTIREBOTE   0x000014    program     static C:\MicrochipProjects\Practica5.X\Part1_2.asm
                 PARPADEO   0x00004c    program     static C:\MicrochipProjects\Practica5.X\Part1_2.asm
                    PAUSE   0x000104    program     static C:\MicrochipProjects\Practica5.X\Part1_2.asm
                 RUTINA_A   0x00005e    program     static C:\MicrochipProjects\Practica5.X\Part1_2.asm
        RUTINA_ANTIREBOTE   0x00014a    program     static C:\MicrochipProjects\Practica5.X\Part1_2.asm
                 RUTINA_B   0x000086    program     static C:\MicrochipProjects\Practica5.X\Part1_2.asm
                 RUTINA_C   0x0000ae    program     static C:\MicrochipProjects\Practica5.X\Part1_2.asm
                RevisarB3   0x0000d6    program     static C:\MicrochipProjects\Practica5.X\Part1_2.asm
              RevisarB3.2   0x0000fa    program     static C:\MicrochipProjects\Practica5.X\Part1_2.asm
                    delay   0x000124    program     static C:\MicrochipProjects\Practica5.X\Part1_2.asm
                    loop1   0x000130    program     static C:\MicrochipProjects\Practica5.X\Part1_2.asm
                    loop2   0x00013c    program     static C:\MicrochipProjects\Practica5.X\Part1_2.asm
                    loop3   0x000152    program     static C:\MicrochipProjects\Practica5.X\Part1_2.asm



                              Symbols - Sorted by Address
                     Name    Address   Location    Storage File                     
                ---------  ---------  ---------  --------- ---------                
                MAIN_CONF   0x000000    program     static C:\MicrochipProjects\Practica5.X\Part1_2.asm
          MENU_ANTIREBOTE   0x000014    program     static C:\MicrochipProjects\Practica5.X\Part1_2.asm
                     MENU   0x000030    program     static C:\MicrochipProjects\Practica5.X\Part1_2.asm
                 PARPADEO   0x00004c    program     static C:\MicrochipProjects\Practica5.X\Part1_2.asm
                 RUTINA_A   0x00005e    program     static C:\MicrochipProjects\Practica5.X\Part1_2.asm
                       B1   0x000068    program     static C:\MicrochipProjects\Practica5.X\Part1_2.asm
                 RUTINA_B   0x000086    program     static C:\MicrochipProjects\Practica5.X\Part1_2.asm
                       B2   0x000090    program     static C:\MicrochipProjects\Practica5.X\Part1_2.asm
                 RUTINA_C   0x0000ae    program     static C:\MicrochipProjects\Practica5.X\Part1_2.asm
                       B3   0x0000b8    program     static C:\MicrochipProjects\Practica5.X\Part1_2.asm
                RevisarB3   0x0000d6    program     static C:\MicrochipProjects\Practica5.X\Part1_2.asm
                     B3.2   0x0000e0    program     static C:\MicrochipProjects\Practica5.X\Part1_2.asm
              RevisarB3.2   0x0000fa    program     static C:\MicrochipProjects\Practica5.X\Part1_2.asm
                    PAUSE   0x000104    program     static C:\MicrochipProjects\Practica5.X\Part1_2.asm
                       B4   0x00010e    program     static C:\MicrochipProjects\Practica5.X\Part1_2.asm
            B4_ANTIREBOTE   0x000118    program     static C:\MicrochipProjects\Practica5.X\Part1_2.asm
                    delay   0x000124    program     static C:\MicrochipProjects\Practica5.X\Part1_2.asm
                    loop1   0x000130    program     static C:\MicrochipProjects\Practica5.X\Part1_2.asm
                    loop2   0x00013c    program     static C:\MicrochipProjects\Practica5.X\Part1_2.asm
        RUTINA_ANTIREBOTE   0x00014a    program     static C:\MicrochipProjects\Practica5.X\Part1_2.asm
                    loop3   0x000152    program     static C:\MicrochipProjects\Practica5.X\Part1_2.asm


