MPLINK 5.09, LINKER
Linker Map File - Created Fri Sep 10 00:01:05 2021

                                 Section Info
                  Section       Type    Address   Location Size(Bytes)
                ---------  ---------  ---------  ---------  ---------
                   .org_0       code   0x000000    program   0x000004
                   .org_1       code   0x000008    program   0x000002
                   .org_2       code   0x000018    program   0x000002
                   .org_3       code   0x000030    program   0x00000e
                   .cinit    romdata   0x00003e    program   0x000002
                   .org_4       code   0x000040    program   0x000098



                              Program Memory Usage 
                               Start         End      
                           ---------   ---------      
                            0x000000    0x000003      
                            0x000008    0x000009      
                            0x000018    0x000019      
                            0x000030    0x0000d7      
            176 out of 33048 program addresses used, program memory utilization is 0%



                              Symbols - Sorted by Name
                     Name    Address   Location    Storage File                     
                ---------  ---------  ---------  --------- ---------                
                     Cero   0x000040    program     static C:\MicrochipProjects\TallerGPIOs.X\main.asm
                    Cinco   0x000086    program     static C:\MicrochipProjects\TallerGPIOs.X\main.asm
                   Cuatro   0x000078    program     static C:\MicrochipProjects\TallerGPIOs.X\main.asm
                      Dos   0x00005c    program     static C:\MicrochipProjects\TallerGPIOs.X\main.asm
                   ESPERA   0x0000d0    program     static C:\MicrochipProjects\TallerGPIOs.X\main.asm
                    Nueve   0x0000be    program     static C:\MicrochipProjects\TallerGPIOs.X\main.asm
                     Ocho   0x0000b0    program     static C:\MicrochipProjects\TallerGPIOs.X\main.asm
                     Seis   0x000094    program     static C:\MicrochipProjects\TallerGPIOs.X\main.asm
                    Siete   0x0000a2    program     static C:\MicrochipProjects\TallerGPIOs.X\main.asm
                     Tres   0x00006a    program     static C:\MicrochipProjects\TallerGPIOs.X\main.asm
                      Uno   0x00004e    program     static C:\MicrochipProjects\TallerGPIOs.X\main.asm
                configura   0x000030    program     static C:\MicrochipProjects\TallerGPIOs.X\main.asm
                    start   0x000040    program     static C:\MicrochipProjects\TallerGPIOs.X\main.asm



                              Symbols - Sorted by Address
                     Name    Address   Location    Storage File                     
                ---------  ---------  ---------  --------- ---------                
                configura   0x000030    program     static C:\MicrochipProjects\TallerGPIOs.X\main.asm
                     Cero   0x000040    program     static C:\MicrochipProjects\TallerGPIOs.X\main.asm
                    start   0x000040    program     static C:\MicrochipProjects\TallerGPIOs.X\main.asm
                      Uno   0x00004e    program     static C:\MicrochipProjects\TallerGPIOs.X\main.asm
                      Dos   0x00005c    program     static C:\MicrochipProjects\TallerGPIOs.X\main.asm
                     Tres   0x00006a    program     static C:\MicrochipProjects\TallerGPIOs.X\main.asm
                   Cuatro   0x000078    program     static C:\MicrochipProjects\TallerGPIOs.X\main.asm
                    Cinco   0x000086    program     static C:\MicrochipProjects\TallerGPIOs.X\main.asm
                     Seis   0x000094    program     static C:\MicrochipProjects\TallerGPIOs.X\main.asm
                    Siete   0x0000a2    program     static C:\MicrochipProjects\TallerGPIOs.X\main.asm
                     Ocho   0x0000b0    program     static C:\MicrochipProjects\TallerGPIOs.X\main.asm
                    Nueve   0x0000be    program     static C:\MicrochipProjects\TallerGPIOs.X\main.asm
                   ESPERA   0x0000d0    program     static C:\MicrochipProjects\TallerGPIOs.X\main.asm


