MPLINK 5.09, LINKER
Linker Map File - Created Wed Sep 08 00:25:32 2021

                                 Section Info
                  Section       Type    Address   Location Size(Bytes)
                ---------  ---------  ---------  ---------  ---------
                   .org_0       code   0x000000    program   0x000004
                   .cinit    romdata   0x000004    program   0x000002
                   .org_1       code   0x000008    program   0x000002
                   .org_2       code   0x000018    program   0x000002
                   .org_3       code   0x000030    program   0x000002
                   .org_4       code   0x000040    program   0x000030



                              Program Memory Usage 
                               Start         End      
                           ---------   ---------      
                            0x000000    0x000005      
                            0x000008    0x000009      
                            0x000018    0x000019      
                            0x000030    0x000031      
                            0x000040    0x00006f      
            60 out of 33048 program addresses used, program memory utilization is 0%



                              Symbols - Sorted by Name
                     Name    Address   Location    Storage File                     
                ---------  ---------  ---------  --------- ---------                
                        ?   0x000032    program     static C:\MicrochipProjects\Generalidades.X\P1_1.asm
                configura   0x000030    program     static C:\MicrochipProjects\Generalidades.X\P1_1.asm
                    start   0x000040    program     static C:\MicrochipProjects\Generalidades.X\P1_1.asm



                              Symbols - Sorted by Address
                     Name    Address   Location    Storage File                     
                ---------  ---------  ---------  --------- ---------                
                configura   0x000030    program     static C:\MicrochipProjects\Generalidades.X\P1_1.asm
                        ?   0x000032    program     static C:\MicrochipProjects\Generalidades.X\P1_1.asm
                    start   0x000040    program     static C:\MicrochipProjects\Generalidades.X\P1_1.asm


