MPLINK 5.09, LINKER
Linker Map File - Created Fri Nov 05 19:19:38 2021

                                 Section Info
                  Section       Type    Address   Location Size(Bytes)
                ---------  ---------  ---------  ---------  ---------
                   .org_0       code   0x000000    program   0x000004
                   .cinit    romdata   0x000004    program   0x000002
                   .org_1       code   0x000008    program   0x000004
                   .org_2       code   0x000018    program   0x000004
                   .org_3       code   0x000040    program   0x000064



                              Program Memory Usage 
                               Start         End      
                           ---------   ---------      
                            0x000000    0x000005      
                            0x000008    0x00000b      
                            0x000018    0x00001b      
                            0x000040    0x0000a3      
            114 out of 33048 program addresses used, program memory utilization is 0%



                              Symbols - Sorted by Name
                     Name    Address   Location    Storage File                     
                ---------  ---------  ---------  --------- ---------                
            CONFIGURATION   0x00001c    program     static C:\MicrochipProjects\RetoInterrupciones.X\Ejercicio1.asm
                 HIGH_INT   0x00006c    program     static C:\MicrochipProjects\RetoInterrupciones.X\Ejercicio1.asm
                  LOW_INT   0x000074    program     static C:\MicrochipProjects\RetoInterrupciones.X\Ejercicio1.asm
               TIMER_1seg   0x000096    program     static C:\MicrochipProjects\RetoInterrupciones.X\Ejercicio1.asm
              TIMER_500ms   0x000088    program     static C:\MicrochipProjects\RetoInterrupciones.X\Ejercicio1.asm
                     loop   0x000068    program     static C:\MicrochipProjects\RetoInterrupciones.X\Ejercicio1.asm



                              Symbols - Sorted by Address
                     Name    Address   Location    Storage File                     
                ---------  ---------  ---------  --------- ---------                
            CONFIGURATION   0x00001c    program     static C:\MicrochipProjects\RetoInterrupciones.X\Ejercicio1.asm
                     loop   0x000068    program     static C:\MicrochipProjects\RetoInterrupciones.X\Ejercicio1.asm
                 HIGH_INT   0x00006c    program     static C:\MicrochipProjects\RetoInterrupciones.X\Ejercicio1.asm
                  LOW_INT   0x000074    program     static C:\MicrochipProjects\RetoInterrupciones.X\Ejercicio1.asm
              TIMER_500ms   0x000088    program     static C:\MicrochipProjects\RetoInterrupciones.X\Ejercicio1.asm
               TIMER_1seg   0x000096    program     static C:\MicrochipProjects\RetoInterrupciones.X\Ejercicio1.asm


