MPLINK 5.09, LINKER
Linker Map File - Created Sun Sep 26 18:50:44 2021

                                 Section Info
                  Section       Type    Address   Location Size(Bytes)
                ---------  ---------  ---------  ---------  ---------
                   .org_0       code   0x000000    program   0x000186
                   .cinit    romdata   0x000186    program   0x000002
.config_300000_BUILD/DEFAULT/DEBUG/PART2.O    romdata   0x300000    program   0x000001
.config_300001_BUILD/DEFAULT/DEBUG/PART2.O    romdata   0x300001    program   0x000001
.config_300002_BUILD/DEFAULT/DEBUG/PART2.O    romdata   0x300002    program   0x000001
.config_300003_BUILD/DEFAULT/DEBUG/PART2.O    romdata   0x300003    program   0x000001
.config_300005_BUILD/DEFAULT/DEBUG/PART2.O    romdata   0x300005    program   0x000001
.config_300006_BUILD/DEFAULT/DEBUG/PART2.O    romdata   0x300006    program   0x000001



                              Program Memory Usage 
                               Start         End      
                           ---------   ---------      
                            0x000000    0x000187      
                            0x300000    0x300003      
                            0x300005    0x300006      
            398 out of 33048 program addresses used, program memory utilization is 1%



                              Symbols - Sorted by Name
                     Name    Address   Location    Storage File                     
                ---------  ---------  ---------  --------- ---------                
          CONVERSION_GRAY   0x000078    program     static C:\MicrochipProjects\Practica5.X\Part2.asm
              DECREMENTAR   0x00009a    program     static C:\MicrochipProjects\Practica5.X\Part2.asm
            DECREMENTAR_1   0x0000e0    program     static C:\MicrochipProjects\Practica5.X\Part2.asm
            DECREMENTAR_2   0x000160    program     static C:\MicrochipProjects\Practica5.X\Part2.asm
              INCREMENTAR   0x00008c    program     static C:\MicrochipProjects\Practica5.X\Part2.asm
            INCREMENTAR_1   0x0000d0    program     static C:\MicrochipProjects\Practica5.X\Part2.asm
            INCREMENTAR_2   0x000150    program     static C:\MicrochipProjects\Practica5.X\Part2.asm
                MAIN_CONF   0x000000    program     static C:\MicrochipProjects\Practica5.X\Part2.asm
        RUTINA_ANTIREBOTE   0x000170    program     static C:\MicrochipProjects\Practica5.X\Part2.asm
            RUTINA_A_LOOP   0x000056    program     static C:\MicrochipProjects\Practica5.X\Part2.asm
          RUTINA_A_REBOTE   0x000042    program     static C:\MicrochipProjects\Practica5.X\Part2.asm
           RUTINA_A_START   0x00004c    program     static C:\MicrochipProjects\Practica5.X\Part2.asm
            RUTINA_B_LOOP   0x0000f0    program     static C:\MicrochipProjects\Practica5.X\Part2.asm
          RUTINA_B_REBOTE   0x0000a8    program     static C:\MicrochipProjects\Practica5.X\Part2.asm
           RUTINA_B_START   0x0000b2    program     static C:\MicrochipProjects\Practica5.X\Part2.asm
            RUTINA_C_LOOP   0x00012a    program     static C:\MicrochipProjects\Practica5.X\Part2.asm
          RUTINA_C_REBOTE   0x000116    program     static C:\MicrochipProjects\Practica5.X\Part2.asm
           RUTINA_C_START   0x000120    program     static C:\MicrochipProjects\Practica5.X\Part2.asm
                  WAITING   0x00002c    program     static C:\MicrochipProjects\Practica5.X\Part2.asm
           WAITING_REBOTE   0x000016    program     static C:\MicrochipProjects\Practica5.X\Part2.asm
                    loop1   0x000178    program     static C:\MicrochipProjects\Practica5.X\Part2.asm



                              Symbols - Sorted by Address
                     Name    Address   Location    Storage File                     
                ---------  ---------  ---------  --------- ---------                
                MAIN_CONF   0x000000    program     static C:\MicrochipProjects\Practica5.X\Part2.asm
           WAITING_REBOTE   0x000016    program     static C:\MicrochipProjects\Practica5.X\Part2.asm
                  WAITING   0x00002c    program     static C:\MicrochipProjects\Practica5.X\Part2.asm
          RUTINA_A_REBOTE   0x000042    program     static C:\MicrochipProjects\Practica5.X\Part2.asm
           RUTINA_A_START   0x00004c    program     static C:\MicrochipProjects\Practica5.X\Part2.asm
            RUTINA_A_LOOP   0x000056    program     static C:\MicrochipProjects\Practica5.X\Part2.asm
          CONVERSION_GRAY   0x000078    program     static C:\MicrochipProjects\Practica5.X\Part2.asm
              INCREMENTAR   0x00008c    program     static C:\MicrochipProjects\Practica5.X\Part2.asm
              DECREMENTAR   0x00009a    program     static C:\MicrochipProjects\Practica5.X\Part2.asm
          RUTINA_B_REBOTE   0x0000a8    program     static C:\MicrochipProjects\Practica5.X\Part2.asm
           RUTINA_B_START   0x0000b2    program     static C:\MicrochipProjects\Practica5.X\Part2.asm
            INCREMENTAR_1   0x0000d0    program     static C:\MicrochipProjects\Practica5.X\Part2.asm
            DECREMENTAR_1   0x0000e0    program     static C:\MicrochipProjects\Practica5.X\Part2.asm
            RUTINA_B_LOOP   0x0000f0    program     static C:\MicrochipProjects\Practica5.X\Part2.asm
          RUTINA_C_REBOTE   0x000116    program     static C:\MicrochipProjects\Practica5.X\Part2.asm
           RUTINA_C_START   0x000120    program     static C:\MicrochipProjects\Practica5.X\Part2.asm
            RUTINA_C_LOOP   0x00012a    program     static C:\MicrochipProjects\Practica5.X\Part2.asm
            INCREMENTAR_2   0x000150    program     static C:\MicrochipProjects\Practica5.X\Part2.asm
            DECREMENTAR_2   0x000160    program     static C:\MicrochipProjects\Practica5.X\Part2.asm
        RUTINA_ANTIREBOTE   0x000170    program     static C:\MicrochipProjects\Practica5.X\Part2.asm
                    loop1   0x000178    program     static C:\MicrochipProjects\Practica5.X\Part2.asm


