MPLINK 5.09, LINKER
Linker Map File - Created Wed Sep 15 03:16:58 2021

                                 Section Info
                  Section       Type    Address   Location Size(Bytes)
                ---------  ---------  ---------  ---------  ---------
                   .org_0       code   0x000000    program   0x00013e
                   .cinit    romdata   0x00013e    program   0x000002



                              Program Memory Usage 
                               Start         End      
                           ---------   ---------      
                            0x000000    0x00013f      
            320 out of 33048 program addresses used, program memory utilization is 0%



                              Symbols - Sorted by Name
                     Name    Address   Location    Storage File                     
                ---------  ---------  ---------  --------- ---------                
                       B1   0x00004a    program     static C:\MicrochipProjects\Practica5.X\Part1_2.asm
                       B2   0x000074    program     static C:\MicrochipProjects\Practica5.X\Part1_2.asm
                       B3   0x00009e    program     static C:\MicrochipProjects\Practica5.X\Part1_2.asm
                     B3.2   0x0000c6    program     static C:\MicrochipProjects\Practica5.X\Part1_2.asm
                MAIN_CONF   0x000000    program     static C:\MicrochipProjects\Practica5.X\Part1_2.asm
                     MENU   0x000010    program     static C:\MicrochipProjects\Practica5.X\Part1_2.asm
                 PARPADEO   0x00002c    program     static C:\MicrochipProjects\Practica5.X\Part1_2.asm
                    PAUSE   0x0000ee    program     static C:\MicrochipProjects\Practica5.X\Part1_2.asm
                 RUTINA_A   0x00003e    program     static C:\MicrochipProjects\Practica5.X\Part1_2.asm
                 RUTINA_B   0x000068    program     static C:\MicrochipProjects\Practica5.X\Part1_2.asm
                 RUTINA_C   0x000092    program     static C:\MicrochipProjects\Practica5.X\Part1_2.asm
                RevisarB3   0x0000bc    program     static C:\MicrochipProjects\Practica5.X\Part1_2.asm
              RevisarB3.2   0x0000e4    program     static C:\MicrochipProjects\Practica5.X\Part1_2.asm
               delay500ms   0x0000fa    program     static C:\MicrochipProjects\Practica5.X\Part1_2.asm
                    loop1   0x000108    program     static C:\MicrochipProjects\Practica5.X\Part1_2.asm
                    loop2   0x00011a    program     static C:\MicrochipProjects\Practica5.X\Part1_2.asm
                    loop3   0x000130    program     static C:\MicrochipProjects\Practica5.X\Part1_2.asm
         rutinaAntiRebote   0x000128    program     static C:\MicrochipProjects\Practica5.X\Part1_2.asm



                              Symbols - Sorted by Address
                     Name    Address   Location    Storage File                     
                ---------  ---------  ---------  --------- ---------                
                MAIN_CONF   0x000000    program     static C:\MicrochipProjects\Practica5.X\Part1_2.asm
                     MENU   0x000010    program     static C:\MicrochipProjects\Practica5.X\Part1_2.asm
                 PARPADEO   0x00002c    program     static C:\MicrochipProjects\Practica5.X\Part1_2.asm
                 RUTINA_A   0x00003e    program     static C:\MicrochipProjects\Practica5.X\Part1_2.asm
                       B1   0x00004a    program     static C:\MicrochipProjects\Practica5.X\Part1_2.asm
                 RUTINA_B   0x000068    program     static C:\MicrochipProjects\Practica5.X\Part1_2.asm
                       B2   0x000074    program     static C:\MicrochipProjects\Practica5.X\Part1_2.asm
                 RUTINA_C   0x000092    program     static C:\MicrochipProjects\Practica5.X\Part1_2.asm
                       B3   0x00009e    program     static C:\MicrochipProjects\Practica5.X\Part1_2.asm
                RevisarB3   0x0000bc    program     static C:\MicrochipProjects\Practica5.X\Part1_2.asm
                     B3.2   0x0000c6    program     static C:\MicrochipProjects\Practica5.X\Part1_2.asm
              RevisarB3.2   0x0000e4    program     static C:\MicrochipProjects\Practica5.X\Part1_2.asm
                    PAUSE   0x0000ee    program     static C:\MicrochipProjects\Practica5.X\Part1_2.asm
               delay500ms   0x0000fa    program     static C:\MicrochipProjects\Practica5.X\Part1_2.asm
                    loop1   0x000108    program     static C:\MicrochipProjects\Practica5.X\Part1_2.asm
                    loop2   0x00011a    program     static C:\MicrochipProjects\Practica5.X\Part1_2.asm
         rutinaAntiRebote   0x000128    program     static C:\MicrochipProjects\Practica5.X\Part1_2.asm
                    loop3   0x000130    program     static C:\MicrochipProjects\Practica5.X\Part1_2.asm


