MPLINK 5.09, LINKER
Linker Map File - Created Wed Oct 06 01:31:12 2021

                                 Section Info
                  Section       Type    Address   Location Size(Bytes)
                ---------  ---------  ---------  ---------  ---------
                   .org_0       code   0x000000    program   0x000004
                   .cinit    romdata   0x000004    program   0x000002
                   .org_1       code   0x000008    program   0x000002
                   .org_2       code   0x000018    program   0x000002
                   .org_3       code   0x000030    program   0x0000d8



                              Program Memory Usage 
                               Start         End      
                           ---------   ---------      
                            0x000000    0x000005      
                            0x000008    0x000009      
                            0x000018    0x000019      
                            0x000030    0x000107      
            226 out of 33048 program addresses used, program memory utilization is 0%



                              Symbols - Sorted by Name
                     Name    Address   Location    Storage File                     
                ---------  ---------  ---------  --------- ---------                
           BOTON_AMARILLO   0x0000de    program     static C:\MicrochipProjects\SubrutinasProyecto.X\Subrutinas.asm
               BOTON_AZUL   0x0000b8    program     static C:\MicrochipProjects\SubrutinasProyecto.X\Subrutinas.asm
             BOTON_BLANCO   0x0000a4    program     static C:\MicrochipProjects\SubrutinasProyecto.X\Subrutinas.asm
            BOTON_NARANJA   0x000090    program     static C:\MicrochipProjects\SubrutinasProyecto.X\Subrutinas.asm
               BOTON_ROJO   0x0000cc    program     static C:\MicrochipProjects\SubrutinasProyecto.X\Subrutinas.asm
              BOTON_VERDE   0x00007e    program     static C:\MicrochipProjects\SubrutinasProyecto.X\Subrutinas.asm
                CONFIGURA   0x000030    program     static C:\MicrochipProjects\SubrutinasProyecto.X\Subrutinas.asm
               DELAY_20ms   0x0000f2    program     static C:\MicrochipProjects\SubrutinasProyecto.X\Subrutinas.asm
                     LOOP   0x000042    program     static C:\MicrochipProjects\SubrutinasProyecto.X\Subrutinas.asm
                    LOOP1   0x0000fa    program     static C:\MicrochipProjects\SubrutinasProyecto.X\Subrutinas.asm
                RECORRIDO   0x00004a    program     static C:\MicrochipProjects\SubrutinasProyecto.X\Subrutinas.asm
            REVISAR_BOTON   0x0000f2    program     static C:\MicrochipProjects\SubrutinasProyecto.X\Subrutinas.asm



                              Symbols - Sorted by Address
                     Name    Address   Location    Storage File                     
                ---------  ---------  ---------  --------- ---------                
                CONFIGURA   0x000030    program     static C:\MicrochipProjects\SubrutinasProyecto.X\Subrutinas.asm
                     LOOP   0x000042    program     static C:\MicrochipProjects\SubrutinasProyecto.X\Subrutinas.asm
                RECORRIDO   0x00004a    program     static C:\MicrochipProjects\SubrutinasProyecto.X\Subrutinas.asm
              BOTON_VERDE   0x00007e    program     static C:\MicrochipProjects\SubrutinasProyecto.X\Subrutinas.asm
            BOTON_NARANJA   0x000090    program     static C:\MicrochipProjects\SubrutinasProyecto.X\Subrutinas.asm
             BOTON_BLANCO   0x0000a4    program     static C:\MicrochipProjects\SubrutinasProyecto.X\Subrutinas.asm
               BOTON_AZUL   0x0000b8    program     static C:\MicrochipProjects\SubrutinasProyecto.X\Subrutinas.asm
               BOTON_ROJO   0x0000cc    program     static C:\MicrochipProjects\SubrutinasProyecto.X\Subrutinas.asm
           BOTON_AMARILLO   0x0000de    program     static C:\MicrochipProjects\SubrutinasProyecto.X\Subrutinas.asm
               DELAY_20ms   0x0000f2    program     static C:\MicrochipProjects\SubrutinasProyecto.X\Subrutinas.asm
            REVISAR_BOTON   0x0000f2    program     static C:\MicrochipProjects\SubrutinasProyecto.X\Subrutinas.asm
                    LOOP1   0x0000fa    program     static C:\MicrochipProjects\SubrutinasProyecto.X\Subrutinas.asm


