MPLINK 5.09, LINKER
Linker Map File - Created Fri Oct 01 18:07:24 2021

                                 Section Info
                  Section       Type    Address   Location Size(Bytes)
                ---------  ---------  ---------  ---------  ---------
                   .org_0       code   0x000000    program   0x000004
                   .cinit    romdata   0x000004    program   0x000002
                   .org_1       code   0x000008    program   0x000002
                   .org_2       code   0x000018    program   0x000002
                   .org_3       code   0x000030    program   0x000014



                              Program Memory Usage 
                               Start         End      
                           ---------   ---------      
                            0x000000    0x000005      
                            0x000008    0x000009      
                            0x000018    0x000019      
                            0x000030    0x000043      
            30 out of 33048 program addresses used, program memory utilization is 0%



                              Symbols - Sorted by Name
                     Name    Address   Location    Storage File                     
                ---------  ---------  ---------  --------- ---------                
                CONFIGURA   0x000030    program     static C:\MicrochipProjects\SubrutinasProyecto.X\Part1.asm
                     LOOP   0x00003a    program     static C:\MicrochipProjects\SubrutinasProyecto.X\Part2.asm
                    START   0x000036    program     static C:\MicrochipProjects\SubrutinasProyecto.X\Part2.asm



                              Symbols - Sorted by Address
                     Name    Address   Location    Storage File                     
                ---------  ---------  ---------  --------- ---------                
                CONFIGURA   0x000030    program     static C:\MicrochipProjects\SubrutinasProyecto.X\Part1.asm
                    START   0x000036    program     static C:\MicrochipProjects\SubrutinasProyecto.X\Part2.asm
                     LOOP   0x00003a    program     static C:\MicrochipProjects\SubrutinasProyecto.X\Part2.asm


