MPLINK 5.09, LINKER
Linker Map File - Created Mon Nov 15 18:00:58 2021

                                 Section Info
                  Section       Type    Address   Location Size(Bytes)
                ---------  ---------  ---------  ---------  ---------
                   .org_0       code   0x000000    program   0x000004
                   .cinit    romdata   0x000004    program   0x000002
                   .org_1       code   0x000008    program   0x000004
                   .org_2       code   0x000018    program   0x000004
                   .org_3       code   0x000040    program   0x000084
.config_300000_BUILD/DEFAULT/PRODUCTION/EJERCIC    romdata   0x300000    program   0x000001
.config_300001_BUILD/DEFAULT/PRODUCTION/EJERCIC    romdata   0x300001    program   0x000001
.config_300002_BUILD/DEFAULT/PRODUCTION/EJERCIC    romdata   0x300002    program   0x000001
.config_300003_BUILD/DEFAULT/PRODUCTION/EJERCIC    romdata   0x300003    program   0x000001
.config_300005_BUILD/DEFAULT/PRODUCTION/EJERCIC    romdata   0x300005    program   0x000001
.config_300006_BUILD/DEFAULT/PRODUCTION/EJERCIC    romdata   0x300006    program   0x000001



                              Program Memory Usage 
                               Start         End      
                           ---------   ---------      
                            0x000000    0x000005      
                            0x000008    0x00000b      
                            0x000018    0x00001b      
                            0x000040    0x0000c3      
                            0x300000    0x300003      
                            0x300005    0x300006      
            152 out of 33048 program addresses used, program memory utilization is 0%



                              Symbols - Sorted by Name
                     Name    Address   Location    Storage File                     
                ---------  ---------  ---------  --------- ---------                
               CONFIG_INT   0x000082    program     static C:\MicrochipProjects\Practica9.X\Ejercicio1.asm
             CONFIG_PORTS   0x000070    program     static C:\MicrochipProjects\Practica9.X\Ejercicio1.asm
                 HIGH_INT   0x000040    program     static C:\MicrochipProjects\Practica9.X\Ejercicio1.asm
                 INFINITE   0x0000aa    program     static C:\MicrochipProjects\Practica9.X\Ejercicio1.asm
                  LOW_INT   0x00005c    program     static C:\MicrochipProjects\Practica9.X\Ejercicio1.asm
            RESET_COUNTER   0x000056    program     static C:\MicrochipProjects\Practica9.X\Ejercicio1.asm
        RUTINA_ANTIREBOTE   0x0000ae    program     static C:\MicrochipProjects\Practica9.X\Ejercicio1.asm
                    START   0x00009c    program     static C:\MicrochipProjects\Practica9.X\Ejercicio1.asm
                    loop1   0x0000b6    program     static C:\MicrochipProjects\Practica9.X\Ejercicio1.asm



                              Symbols - Sorted by Address
                     Name    Address   Location    Storage File                     
                ---------  ---------  ---------  --------- ---------                
                 HIGH_INT   0x000040    program     static C:\MicrochipProjects\Practica9.X\Ejercicio1.asm
            RESET_COUNTER   0x000056    program     static C:\MicrochipProjects\Practica9.X\Ejercicio1.asm
                  LOW_INT   0x00005c    program     static C:\MicrochipProjects\Practica9.X\Ejercicio1.asm
             CONFIG_PORTS   0x000070    program     static C:\MicrochipProjects\Practica9.X\Ejercicio1.asm
               CONFIG_INT   0x000082    program     static C:\MicrochipProjects\Practica9.X\Ejercicio1.asm
                    START   0x00009c    program     static C:\MicrochipProjects\Practica9.X\Ejercicio1.asm
                 INFINITE   0x0000aa    program     static C:\MicrochipProjects\Practica9.X\Ejercicio1.asm
        RUTINA_ANTIREBOTE   0x0000ae    program     static C:\MicrochipProjects\Practica9.X\Ejercicio1.asm
                    loop1   0x0000b6    program     static C:\MicrochipProjects\Practica9.X\Ejercicio1.asm


