MPLINK 5.09, LINKER
Linker Map File - Created Sat Oct 23 14:34:01 2021

                                 Section Info
                  Section       Type    Address   Location Size(Bytes)
                ---------  ---------  ---------  ---------  ---------
                   .org_0       code   0x000000    program   0x000004
                   .cinit    romdata   0x000004    program   0x000002
                   .org_1       code   0x000008    program   0x000002
                   .org_2       code   0x000018    program   0x000002
                   .org_3       code   0x000030    program   0x0009de



                              Program Memory Usage 
                               Start         End      
                           ---------   ---------      
                            0x000000    0x000005      
                            0x000008    0x000009      
                            0x000018    0x000019      
                            0x000030    0x000a0d      
            2536 out of 33048 program addresses used, program memory utilization is 7%



                              Symbols - Sorted by Name
                     Name    Address   Location    Storage File                     
                ---------  ---------  ---------  --------- ---------                
           BOTON_AMARILLO   0x000970    program     static C:\MicrochipProjects\ProyectoFinal.X\teclado_subrutinas.asm
               BOTON_AZUL   0x000958    program     static C:\MicrochipProjects\ProyectoFinal.X\teclado_subrutinas.asm
             BOTON_BLANCO   0x000940    program     static C:\MicrochipProjects\ProyectoFinal.X\teclado_subrutinas.asm
            BOTON_NARANJA   0x000928    program     static C:\MicrochipProjects\ProyectoFinal.X\teclado_subrutinas.asm
         BOTON_START_STOP   0x000916    program     static C:\MicrochipProjects\ProyectoFinal.X\teclado_subrutinas.asm
                CONFIGURA   0x000030    program     static C:\MicrochipProjects\ProyectoFinal.X\inicializacion.asm
            CONFIGURE_LCD   0x00012c    program     static C:\MicrochipProjects\ProyectoFinal.X\lcd_subrutinas.asm
                DATA_READ   0x0000fc    program     static C:\MicrochipProjects\ProyectoFinal.X\lcd_subrutinas.asm
               DATA_WRITE   0x0000f4    program     static C:\MicrochipProjects\ProyectoFinal.X\lcd_subrutinas.asm
                  DECODER   0x0009d8    program     static C:\MicrochipProjects\ProyectoFinal.X\otras_subrutinas.asm
              DELAY_100ms   0x00006e    program     static C:\MicrochipProjects\ProyectoFinal.X\delays.asm
              DELAY_100us   0x000062    program     static C:\MicrochipProjects\ProyectoFinal.X\delays.asm
               DELAY_20ms   0x000084    program     static C:\MicrochipProjects\ProyectoFinal.X\delays.asm
               ESPERA_LCD   0x000112    program     static C:\MicrochipProjects\ProyectoFinal.X\lcd_subrutinas.asm
                GAME_OVER   0x0000ca    program     static C:\MicrochipProjects\ProyectoFinal.X\delays.asm
        INSTRUCTION_WRITE   0x0000ec    program     static C:\MicrochipProjects\ProyectoFinal.X\lcd_subrutinas.asm
                   LED_01   0x0009e6    program     static C:\MicrochipProjects\ProyectoFinal.X\otras_subrutinas.asm
                   LED_10   0x0009f2    program     static C:\MicrochipProjects\ProyectoFinal.X\otras_subrutinas.asm
                   LED_11   0x0009fe    program     static C:\MicrochipProjects\ProyectoFinal.X\otras_subrutinas.asm
                    LOOP1   0x00008c    program     static C:\MicrochipProjects\ProyectoFinal.X\delays.asm
          LOOP_LOSER_LEFT   0x000680    program     static C:\MicrochipProjects\ProyectoFinal.X\lcd_caracteres.asm
         LOOP_LOSER_RIGHT   0x000698    program     static C:\MicrochipProjects\ProyectoFinal.X\lcd_caracteres.asm
                     MAIN   0x000a02    program     static C:\MicrochipProjects\ProyectoFinal.X\main.asm
           NIVEL_SUPERADO   0x0000de    program     static C:\MicrochipProjects\ProyectoFinal.X\delays.asm
                 ON_GREEN   0x000998    program     static C:\MicrochipProjects\ProyectoFinal.X\otras_subrutinas.asm
                   ON_RED   0x0009b2    program     static C:\MicrochipProjects\ProyectoFinal.X\otras_subrutinas.asm
          RANDOM_REGISTER   0x0009cc    program     static C:\MicrochipProjects\ProyectoFinal.X\otras_subrutinas.asm
          RECORRIDO_JUEGO   0x0008ea    program     static C:\MicrochipProjects\ProyectoFinal.X\teclado_subrutinas.asm
                  REGRESA   0x00011c    program     static C:\MicrochipProjects\ProyectoFinal.X\lcd_subrutinas.asm
            REVISAR_BOTON   0x000988    program     static C:\MicrochipProjects\ProyectoFinal.X\teclado_subrutinas.asm
                SEND_DATA   0x000104    program     static C:\MicrochipProjects\ProyectoFinal.X\lcd_subrutinas.asm
           SHOW_HIGHSCORE   0x0007cc    program     static C:\MicrochipProjects\ProyectoFinal.X\lcd_caracteres.asm
           SHOW_MAIN_MENU   0x00014c    program     static C:\MicrochipProjects\ProyectoFinal.X\lcd_subrutinas.asm
          SHOW_TIMES_OVER   0x00089a    program     static C:\MicrochipProjects\ProyectoFinal.X\lcd_caracteres.asm
                     STOP   0x0000ce    program     static C:\MicrochipProjects\ProyectoFinal.X\delays.asm
                 TIMER_5s   0x00009a    program     static C:\MicrochipProjects\ProyectoFinal.X\delays.asm
                 TIME_OUT   0x0000c2    program     static C:\MicrochipProjects\ProyectoFinal.X\delays.asm
       WIN_ANIMATION_LOOP   0x0006ec    program     static C:\MicrochipProjects\ProyectoFinal.X\lcd_caracteres.asm
     _LOADING_CHARS_GANAR   0x00027c    program     static C:\MicrochipProjects\ProyectoFinal.X\lcd_caracteres.asm
    _LOADING_CHARS_PERDER   0x0003ac    program     static C:\MicrochipProjects\ProyectoFinal.X\lcd_caracteres.asm
    _LOADING_CHARS_TIEMPO   0x00020c    program     static C:\MicrochipProjects\ProyectoFinal.X\lcd_caracteres.asm
           _LOSING_PIXELS   0x0003ba    program     static C:\MicrochipProjects\ProyectoFinal.X\lcd_caracteres.asm
              _SAD_PIXELS   0x00021a    program     static C:\MicrochipProjects\ProyectoFinal.X\lcd_caracteres.asm
           _WINNER_PIXELS   0x00028a    program     static C:\MicrochipProjects\ProyectoFinal.X\lcd_caracteres.asm
      _WRITING_LOSER_ANIM   0x00053c    program     static C:\MicrochipProjects\ProyectoFinal.X\lcd_caracteres.asm
     _WRITING_WINNER_ANIM   0x0006ae    program     static C:\MicrochipProjects\ProyectoFinal.X\lcd_caracteres.asm
                   espera   0x0000aa    program     static C:\MicrochipProjects\ProyectoFinal.X\delays.asm
                    loop1   0x000066    program     static C:\MicrochipProjects\ProyectoFinal.X\delays.asm
                    loop2   0x000076    program     static C:\MicrochipProjects\ProyectoFinal.X\delays.asm



                              Symbols - Sorted by Address
                     Name    Address   Location    Storage File                     
                ---------  ---------  ---------  --------- ---------                
                CONFIGURA   0x000030    program     static C:\MicrochipProjects\ProyectoFinal.X\inicializacion.asm
              DELAY_100us   0x000062    program     static C:\MicrochipProjects\ProyectoFinal.X\delays.asm
                    loop1   0x000066    program     static C:\MicrochipProjects\ProyectoFinal.X\delays.asm
              DELAY_100ms   0x00006e    program     static C:\MicrochipProjects\ProyectoFinal.X\delays.asm
                    loop2   0x000076    program     static C:\MicrochipProjects\ProyectoFinal.X\delays.asm
               DELAY_20ms   0x000084    program     static C:\MicrochipProjects\ProyectoFinal.X\delays.asm
                    LOOP1   0x00008c    program     static C:\MicrochipProjects\ProyectoFinal.X\delays.asm
                 TIMER_5s   0x00009a    program     static C:\MicrochipProjects\ProyectoFinal.X\delays.asm
                   espera   0x0000aa    program     static C:\MicrochipProjects\ProyectoFinal.X\delays.asm
                 TIME_OUT   0x0000c2    program     static C:\MicrochipProjects\ProyectoFinal.X\delays.asm
                GAME_OVER   0x0000ca    program     static C:\MicrochipProjects\ProyectoFinal.X\delays.asm
                     STOP   0x0000ce    program     static C:\MicrochipProjects\ProyectoFinal.X\delays.asm
           NIVEL_SUPERADO   0x0000de    program     static C:\MicrochipProjects\ProyectoFinal.X\delays.asm
        INSTRUCTION_WRITE   0x0000ec    program     static C:\MicrochipProjects\ProyectoFinal.X\lcd_subrutinas.asm
               DATA_WRITE   0x0000f4    program     static C:\MicrochipProjects\ProyectoFinal.X\lcd_subrutinas.asm
                DATA_READ   0x0000fc    program     static C:\MicrochipProjects\ProyectoFinal.X\lcd_subrutinas.asm
                SEND_DATA   0x000104    program     static C:\MicrochipProjects\ProyectoFinal.X\lcd_subrutinas.asm
               ESPERA_LCD   0x000112    program     static C:\MicrochipProjects\ProyectoFinal.X\lcd_subrutinas.asm
                  REGRESA   0x00011c    program     static C:\MicrochipProjects\ProyectoFinal.X\lcd_subrutinas.asm
            CONFIGURE_LCD   0x00012c    program     static C:\MicrochipProjects\ProyectoFinal.X\lcd_subrutinas.asm
           SHOW_MAIN_MENU   0x00014c    program     static C:\MicrochipProjects\ProyectoFinal.X\lcd_subrutinas.asm
    _LOADING_CHARS_TIEMPO   0x00020c    program     static C:\MicrochipProjects\ProyectoFinal.X\lcd_caracteres.asm
              _SAD_PIXELS   0x00021a    program     static C:\MicrochipProjects\ProyectoFinal.X\lcd_caracteres.asm
     _LOADING_CHARS_GANAR   0x00027c    program     static C:\MicrochipProjects\ProyectoFinal.X\lcd_caracteres.asm
           _WINNER_PIXELS   0x00028a    program     static C:\MicrochipProjects\ProyectoFinal.X\lcd_caracteres.asm
    _LOADING_CHARS_PERDER   0x0003ac    program     static C:\MicrochipProjects\ProyectoFinal.X\lcd_caracteres.asm
           _LOSING_PIXELS   0x0003ba    program     static C:\MicrochipProjects\ProyectoFinal.X\lcd_caracteres.asm
      _WRITING_LOSER_ANIM   0x00053c    program     static C:\MicrochipProjects\ProyectoFinal.X\lcd_caracteres.asm
          LOOP_LOSER_LEFT   0x000680    program     static C:\MicrochipProjects\ProyectoFinal.X\lcd_caracteres.asm
         LOOP_LOSER_RIGHT   0x000698    program     static C:\MicrochipProjects\ProyectoFinal.X\lcd_caracteres.asm
     _WRITING_WINNER_ANIM   0x0006ae    program     static C:\MicrochipProjects\ProyectoFinal.X\lcd_caracteres.asm
       WIN_ANIMATION_LOOP   0x0006ec    program     static C:\MicrochipProjects\ProyectoFinal.X\lcd_caracteres.asm
           SHOW_HIGHSCORE   0x0007cc    program     static C:\MicrochipProjects\ProyectoFinal.X\lcd_caracteres.asm
          SHOW_TIMES_OVER   0x00089a    program     static C:\MicrochipProjects\ProyectoFinal.X\lcd_caracteres.asm
          RECORRIDO_JUEGO   0x0008ea    program     static C:\MicrochipProjects\ProyectoFinal.X\teclado_subrutinas.asm
         BOTON_START_STOP   0x000916    program     static C:\MicrochipProjects\ProyectoFinal.X\teclado_subrutinas.asm
            BOTON_NARANJA   0x000928    program     static C:\MicrochipProjects\ProyectoFinal.X\teclado_subrutinas.asm
             BOTON_BLANCO   0x000940    program     static C:\MicrochipProjects\ProyectoFinal.X\teclado_subrutinas.asm
               BOTON_AZUL   0x000958    program     static C:\MicrochipProjects\ProyectoFinal.X\teclado_subrutinas.asm
           BOTON_AMARILLO   0x000970    program     static C:\MicrochipProjects\ProyectoFinal.X\teclado_subrutinas.asm
            REVISAR_BOTON   0x000988    program     static C:\MicrochipProjects\ProyectoFinal.X\teclado_subrutinas.asm
                 ON_GREEN   0x000998    program     static C:\MicrochipProjects\ProyectoFinal.X\otras_subrutinas.asm
                   ON_RED   0x0009b2    program     static C:\MicrochipProjects\ProyectoFinal.X\otras_subrutinas.asm
          RANDOM_REGISTER   0x0009cc    program     static C:\MicrochipProjects\ProyectoFinal.X\otras_subrutinas.asm
                  DECODER   0x0009d8    program     static C:\MicrochipProjects\ProyectoFinal.X\otras_subrutinas.asm
                   LED_01   0x0009e6    program     static C:\MicrochipProjects\ProyectoFinal.X\otras_subrutinas.asm
                   LED_10   0x0009f2    program     static C:\MicrochipProjects\ProyectoFinal.X\otras_subrutinas.asm
                   LED_11   0x0009fe    program     static C:\MicrochipProjects\ProyectoFinal.X\otras_subrutinas.asm
                     MAIN   0x000a02    program     static C:\MicrochipProjects\ProyectoFinal.X\main.asm


