MPLINK 5.09, LINKER
Linker Map File - Created Tue Sep 14 01:11:08 2021

                                 Section Info
                  Section       Type    Address   Location Size(Bytes)
                ---------  ---------  ---------  ---------  ---------
                   .org_0       code   0x000000    program   0x000004
                   .cinit    romdata   0x000004    program   0x000002
                   .org_2       code   0x001018    program   0x000042



                              Program Memory Usage 
                               Start         End      
                           ---------   ---------      
                            0x000000    0x000005      
                            0x001018    0x001059      
            72 out of 33048 program addresses used, program memory utilization is 0%



                              Symbols - Sorted by Name
                     Name    Address   Location    Storage File                     
                ---------  ---------  ---------  --------- ---------                
                   BOTON1   0x001036    program     static C:\MicrochipProjects\Prueba.X\main.asm
                   BOTON2   0x00103e    program     static C:\MicrochipProjects\Prueba.X\main.asm
                    DELAY   0x001046    program     static C:\MicrochipProjects\Prueba.X\main.asm
                    LOOP1   0x00104c    program     static C:\MicrochipProjects\Prueba.X\main.asm
                     MAIN   0x001028    program     static C:\MicrochipProjects\Prueba.X\main.asm
                    SETUP   0x001018    program     static C:\MicrochipProjects\Prueba.X\main.asm



                              Symbols - Sorted by Address
                     Name    Address   Location    Storage File                     
                ---------  ---------  ---------  --------- ---------                
                    SETUP   0x001018    program     static C:\MicrochipProjects\Prueba.X\main.asm
                     MAIN   0x001028    program     static C:\MicrochipProjects\Prueba.X\main.asm
                   BOTON1   0x001036    program     static C:\MicrochipProjects\Prueba.X\main.asm
                   BOTON2   0x00103e    program     static C:\MicrochipProjects\Prueba.X\main.asm
                    DELAY   0x001046    program     static C:\MicrochipProjects\Prueba.X\main.asm
                    LOOP1   0x00104c    program     static C:\MicrochipProjects\Prueba.X\main.asm


