MPLINK 5.09, LINKER
Linker Map File - Created Fri Sep 10 20:17:36 2021

                                 Section Info
                  Section       Type    Address   Location Size(Bytes)
                ---------  ---------  ---------  ---------  ---------
                   .org_0       code   0x000000    program   0x000004
                   .cinit    romdata   0x000004    program   0x000002
                   .org_1       code   0x000008    program   0x000002
                   .org_2       code   0x000018    program   0x000002
                   .org_3       code   0x000030    program   0x000006
                   .org_4       code   0x000040    program   0x000008



                              Program Memory Usage 
                               Start         End      
                           ---------   ---------      
                            0x000000    0x000005      
                            0x000008    0x000009      
                            0x000018    0x000019      
                            0x000030    0x000035      
                            0x000040    0x000047      
            24 out of 33048 program addresses used, program memory utilization is 0%



                              Symbols - Sorted by Name
                     Name    Address   Location    Storage File                     
                ---------  ---------  ---------  --------- ---------                
                configura   0x000030    program     static C:\MicrochipProjects\TallerGPIOs1.X\main.asm
               incrementa   0x000042    program     static C:\MicrochipProjects\TallerGPIOs1.X\main.asm
                    start   0x000040    program     static C:\MicrochipProjects\TallerGPIOs1.X\main.asm



                              Symbols - Sorted by Address
                     Name    Address   Location    Storage File                     
                ---------  ---------  ---------  --------- ---------                
                configura   0x000030    program     static C:\MicrochipProjects\TallerGPIOs1.X\main.asm
                    start   0x000040    program     static C:\MicrochipProjects\TallerGPIOs1.X\main.asm
               incrementa   0x000042    program     static C:\MicrochipProjects\TallerGPIOs1.X\main.asm


