MPLINK 5.09, LINKER
Linker Map File - Created Mon Oct 18 16:54:57 2021

                                 Section Info
                  Section       Type    Address   Location Size(Bytes)
                ---------  ---------  ---------  ---------  ---------
                   .org_0       code   0x000000    program   0x000032
                   .cinit    romdata   0x000032    program   0x000002



                              Program Memory Usage 
                               Start         End      
                           ---------   ---------      
                            0x000000    0x000033      
            52 out of 33048 program addresses used, program memory utilization is 0%



                              Symbols - Sorted by Name
                     Name    Address   Location    Storage File                     
                ---------  ---------  ---------  --------- ---------                
                    etiq1   0x000004    program     static C:\MicrochipProjects\EjerciciosP2.X\ExamenParcial2.asm
                    etiq2   0x00000e    program     static C:\MicrochipProjects\EjerciciosP2.X\ExamenParcial2.asm
                    etiq3   0x000012    program     static C:\MicrochipProjects\EjerciciosP2.X\ExamenParcial2.asm
                    etiq4   0x000028    program     static C:\MicrochipProjects\EjerciciosP2.X\ExamenParcial2.asm
                     here   0x000024    program     static C:\MicrochipProjects\EjerciciosP2.X\ExamenParcial2.asm



                              Symbols - Sorted by Address
                     Name    Address   Location    Storage File                     
                ---------  ---------  ---------  --------- ---------                
                    etiq1   0x000004    program     static C:\MicrochipProjects\EjerciciosP2.X\ExamenParcial2.asm
                    etiq2   0x00000e    program     static C:\MicrochipProjects\EjerciciosP2.X\ExamenParcial2.asm
                    etiq3   0x000012    program     static C:\MicrochipProjects\EjerciciosP2.X\ExamenParcial2.asm
                     here   0x000024    program     static C:\MicrochipProjects\EjerciciosP2.X\ExamenParcial2.asm
                    etiq4   0x000028    program     static C:\MicrochipProjects\EjerciciosP2.X\ExamenParcial2.asm


