MPLINK 5.09, LINKER
Linker Map File - Created Mon Oct 04 16:35:08 2021

                                 Section Info
                  Section       Type    Address   Location Size(Bytes)
                ---------  ---------  ---------  ---------  ---------
                   .org_0       code   0x000000    program   0x000004
                   .cinit    romdata   0x000004    program   0x000002
                   .org_1       code   0x000008    program   0x000002
                   .org_2       code   0x000018    program   0x000002
                   .org_3       code   0x000030    program   0x00027a
.config_300000_BUILD/DEFAULT/PRODUCTION/EJERCIC    romdata   0x300000    program   0x000001
.config_300001_BUILD/DEFAULT/PRODUCTION/EJERCIC    romdata   0x300001    program   0x000001
.config_300002_BUILD/DEFAULT/PRODUCTION/EJERCIC    romdata   0x300002    program   0x000001
.config_300003_BUILD/DEFAULT/PRODUCTION/EJERCIC    romdata   0x300003    program   0x000001
.config_300005_BUILD/DEFAULT/PRODUCTION/EJERCIC    romdata   0x300005    program   0x000001
.config_300006_BUILD/DEFAULT/PRODUCTION/EJERCIC    romdata   0x300006    program   0x000001



                              Program Memory Usage 
                               Start         End      
                           ---------   ---------      
                            0x000000    0x000005      
                            0x000008    0x000009      
                            0x000018    0x000019      
                            0x000030    0x0002a9      
                            0x300000    0x300003      
                            0x300005    0x300006      
            650 out of 33048 program addresses used, program memory utilization is 1%



                              Symbols - Sorted by Name
                     Name    Address   Location    Storage File                     
                ---------  ---------  ---------  --------- ---------                
         ASTERISCO_RETURN   0x000218    program     static C:\MicrochipProjects\Practica6.X\Ejercicio2.asm
                     CERO   0x0001bc    program     static C:\MicrochipProjects\Practica6.X\Ejercicio2.asm
                    CINCO   0x000158    program     static C:\MicrochipProjects\Practica6.X\Ejercicio2.asm
                CONFIGURA   0x000030    program     static C:\MicrochipProjects\Practica6.X\Ejercicio2.asm
                   CUATRO   0x000144    program     static C:\MicrochipProjects\Practica6.X\Ejercicio2.asm
                   CUENTA   0x000278    program     static C:\MicrochipProjects\Practica6.X\Ejercicio2.asm
             CUENTA_FINAL   0x000288    program     static C:\MicrochipProjects\Practica6.X\Ejercicio2.asm
               DELAY_20ms   0x000294    program     static C:\MicrochipProjects\Practica6.X\Ejercicio2.asm
                 DIVISION   0x00026a    program     static C:\MicrochipProjects\Practica6.X\Ejercicio2.asm
                      DOS   0x00011c    program     static C:\MicrochipProjects\Practica6.X\Ejercicio2.asm
              GATO_RETURN   0x000224    program     static C:\MicrochipProjects\Practica6.X\Ejercicio2.asm
                    LOOP1   0x00029c    program     static C:\MicrochipProjects\Practica6.X\Ejercicio2.asm
           MULTIPLICACION   0x000260    program     static C:\MicrochipProjects\Practica6.X\Ejercicio2.asm
                 NEGATIVO   0x000256    program     static C:\MicrochipProjects\Practica6.X\Ejercicio2.asm
                    NUEVE   0x0001a8    program     static C:\MicrochipProjects\Practica6.X\Ejercicio2.asm
                  NUMERO1   0x000044    program     static C:\MicrochipProjects\Practica6.X\Ejercicio2.asm
                  NUMERO2   0x00005c    program     static C:\MicrochipProjects\Practica6.X\Ejercicio2.asm
                     OCHO   0x000194    program     static C:\MicrochipProjects\Practica6.X\Ejercicio2.asm
              OPERACIONES   0x00006c    program     static C:\MicrochipProjects\Practica6.X\Ejercicio2.asm
                RECORRIDO   0x000094    program     static C:\MicrochipProjects\Practica6.X\Ejercicio2.asm
                    RESTA   0x000246    program     static C:\MicrochipProjects\Practica6.X\Ejercicio2.asm
                     SEIS   0x00016c    program     static C:\MicrochipProjects\Practica6.X\Ejercicio2.asm
                    SIETE   0x000180    program     static C:\MicrochipProjects\Practica6.X\Ejercicio2.asm
                     SUMA   0x00023e    program     static C:\MicrochipProjects\Practica6.X\Ejercicio2.asm
                     TRES   0x000130    program     static C:\MicrochipProjects\Practica6.X\Ejercicio2.asm
                      UNO   0x000108    program     static C:\MicrochipProjects\Practica6.X\Ejercicio2.asm
                _A_RETURN   0x0001d0    program     static C:\MicrochipProjects\Practica6.X\Ejercicio2.asm
                _B_RETURN   0x0001e2    program     static C:\MicrochipProjects\Practica6.X\Ejercicio2.asm
                _C_RETURN   0x0001f4    program     static C:\MicrochipProjects\Practica6.X\Ejercicio2.asm
                _D_RETURN   0x000206    program     static C:\MicrochipProjects\Practica6.X\Ejercicio2.asm
                   _ERROR   0x00028e    program     static C:\MicrochipProjects\Practica6.X\Ejercicio2.asm



                              Symbols - Sorted by Address
                     Name    Address   Location    Storage File                     
                ---------  ---------  ---------  --------- ---------                
                CONFIGURA   0x000030    program     static C:\MicrochipProjects\Practica6.X\Ejercicio2.asm
                  NUMERO1   0x000044    program     static C:\MicrochipProjects\Practica6.X\Ejercicio2.asm
                  NUMERO2   0x00005c    program     static C:\MicrochipProjects\Practica6.X\Ejercicio2.asm
              OPERACIONES   0x00006c    program     static C:\MicrochipProjects\Practica6.X\Ejercicio2.asm
                RECORRIDO   0x000094    program     static C:\MicrochipProjects\Practica6.X\Ejercicio2.asm
                      UNO   0x000108    program     static C:\MicrochipProjects\Practica6.X\Ejercicio2.asm
                      DOS   0x00011c    program     static C:\MicrochipProjects\Practica6.X\Ejercicio2.asm
                     TRES   0x000130    program     static C:\MicrochipProjects\Practica6.X\Ejercicio2.asm
                   CUATRO   0x000144    program     static C:\MicrochipProjects\Practica6.X\Ejercicio2.asm
                    CINCO   0x000158    program     static C:\MicrochipProjects\Practica6.X\Ejercicio2.asm
                     SEIS   0x00016c    program     static C:\MicrochipProjects\Practica6.X\Ejercicio2.asm
                    SIETE   0x000180    program     static C:\MicrochipProjects\Practica6.X\Ejercicio2.asm
                     OCHO   0x000194    program     static C:\MicrochipProjects\Practica6.X\Ejercicio2.asm
                    NUEVE   0x0001a8    program     static C:\MicrochipProjects\Practica6.X\Ejercicio2.asm
                     CERO   0x0001bc    program     static C:\MicrochipProjects\Practica6.X\Ejercicio2.asm
                _A_RETURN   0x0001d0    program     static C:\MicrochipProjects\Practica6.X\Ejercicio2.asm
                _B_RETURN   0x0001e2    program     static C:\MicrochipProjects\Practica6.X\Ejercicio2.asm
                _C_RETURN   0x0001f4    program     static C:\MicrochipProjects\Practica6.X\Ejercicio2.asm
                _D_RETURN   0x000206    program     static C:\MicrochipProjects\Practica6.X\Ejercicio2.asm
         ASTERISCO_RETURN   0x000218    program     static C:\MicrochipProjects\Practica6.X\Ejercicio2.asm
              GATO_RETURN   0x000224    program     static C:\MicrochipProjects\Practica6.X\Ejercicio2.asm
                     SUMA   0x00023e    program     static C:\MicrochipProjects\Practica6.X\Ejercicio2.asm
                    RESTA   0x000246    program     static C:\MicrochipProjects\Practica6.X\Ejercicio2.asm
                 NEGATIVO   0x000256    program     static C:\MicrochipProjects\Practica6.X\Ejercicio2.asm
           MULTIPLICACION   0x000260    program     static C:\MicrochipProjects\Practica6.X\Ejercicio2.asm
                 DIVISION   0x00026a    program     static C:\MicrochipProjects\Practica6.X\Ejercicio2.asm
                   CUENTA   0x000278    program     static C:\MicrochipProjects\Practica6.X\Ejercicio2.asm
             CUENTA_FINAL   0x000288    program     static C:\MicrochipProjects\Practica6.X\Ejercicio2.asm
                   _ERROR   0x00028e    program     static C:\MicrochipProjects\Practica6.X\Ejercicio2.asm
               DELAY_20ms   0x000294    program     static C:\MicrochipProjects\Practica6.X\Ejercicio2.asm
                    LOOP1   0x00029c    program     static C:\MicrochipProjects\Practica6.X\Ejercicio2.asm


