MPLINK 5.09, LINKER
Linker Map File - Created Sun Sep 26 19:34:22 2021

                                 Section Info
                  Section       Type    Address   Location Size(Bytes)
                ---------  ---------  ---------  ---------  ---------
                   .org_0       code   0x000000    program   0x000004
                   .cinit    romdata   0x000004    program   0x000002
                   .org_1       code   0x000008    program   0x000002
                   .org_2       code   0x000018    program   0x000002
                   .org_3       code   0x000030    program   0x0001bc
.config_300000_BUILD/DEFAULT/PRODUCTION/EJERCIC    romdata   0x300000    program   0x000001
.config_300001_BUILD/DEFAULT/PRODUCTION/EJERCIC    romdata   0x300001    program   0x000001
.config_300002_BUILD/DEFAULT/PRODUCTION/EJERCIC    romdata   0x300002    program   0x000001
.config_300003_BUILD/DEFAULT/PRODUCTION/EJERCIC    romdata   0x300003    program   0x000001
.config_300005_BUILD/DEFAULT/PRODUCTION/EJERCIC    romdata   0x300005    program   0x000001
.config_300006_BUILD/DEFAULT/PRODUCTION/EJERCIC    romdata   0x300006    program   0x000001



                              Program Memory Usage 
                               Start         End      
                           ---------   ---------      
                            0x000000    0x000005      
                            0x000008    0x000009      
                            0x000018    0x000019      
                            0x000030    0x0001eb      
                            0x300000    0x300003      
                            0x300005    0x300006      
            460 out of 33048 program addresses used, program memory utilization is 1%



                              Symbols - Sorted by Name
                     Name    Address   Location    Storage File                     
                ---------  ---------  ---------  --------- ---------                
                ASTERISCO   0x00018e    program     static C:\MicrochipProjects\Practica6.X\Ejercicio1.asm
                     CERO   0x0001a0    program     static C:\MicrochipProjects\Practica6.X\Ejercicio1.asm
                    CINCO   0x000110    program     static C:\MicrochipProjects\Practica6.X\Ejercicio1.asm
                CONFIGURA   0x000030    program     static C:\MicrochipProjects\Practica6.X\Ejercicio1.asm
                   CUATRO   0x0000fe    program     static C:\MicrochipProjects\Practica6.X\Ejercicio1.asm
               DELAY_20ms   0x0001d6    program     static C:\MicrochipProjects\Practica6.X\Ejercicio1.asm
                      DOS   0x0000c8    program     static C:\MicrochipProjects\Practica6.X\Ejercicio1.asm
                     GATO   0x0001b2    program     static C:\MicrochipProjects\Practica6.X\Ejercicio1.asm
                    LOOP1   0x0001de    program     static C:\MicrochipProjects\Practica6.X\Ejercicio1.asm
                    NUEVE   0x00016a    program     static C:\MicrochipProjects\Practica6.X\Ejercicio1.asm
                     OCHO   0x000158    program     static C:\MicrochipProjects\Practica6.X\Ejercicio1.asm
                RECORRIDO   0x000042    program     static C:\MicrochipProjects\Practica6.X\Ejercicio1.asm
                     SEIS   0x000122    program     static C:\MicrochipProjects\Practica6.X\Ejercicio1.asm
                    SIETE   0x000146    program     static C:\MicrochipProjects\Practica6.X\Ejercicio1.asm
                     TRES   0x0000da    program     static C:\MicrochipProjects\Practica6.X\Ejercicio1.asm
                      UNO   0x0000b6    program     static C:\MicrochipProjects\Practica6.X\Ejercicio1.asm
                       _A   0x0000ec    program     static C:\MicrochipProjects\Practica6.X\Ejercicio1.asm
                       _B   0x000134    program     static C:\MicrochipProjects\Practica6.X\Ejercicio1.asm
                       _C   0x00017c    program     static C:\MicrochipProjects\Practica6.X\Ejercicio1.asm
                       _D   0x0001c4    program     static C:\MicrochipProjects\Practica6.X\Ejercicio1.asm



                              Symbols - Sorted by Address
                     Name    Address   Location    Storage File                     
                ---------  ---------  ---------  --------- ---------                
                CONFIGURA   0x000030    program     static C:\MicrochipProjects\Practica6.X\Ejercicio1.asm
                RECORRIDO   0x000042    program     static C:\MicrochipProjects\Practica6.X\Ejercicio1.asm
                      UNO   0x0000b6    program     static C:\MicrochipProjects\Practica6.X\Ejercicio1.asm
                      DOS   0x0000c8    program     static C:\MicrochipProjects\Practica6.X\Ejercicio1.asm
                     TRES   0x0000da    program     static C:\MicrochipProjects\Practica6.X\Ejercicio1.asm
                       _A   0x0000ec    program     static C:\MicrochipProjects\Practica6.X\Ejercicio1.asm
                   CUATRO   0x0000fe    program     static C:\MicrochipProjects\Practica6.X\Ejercicio1.asm
                    CINCO   0x000110    program     static C:\MicrochipProjects\Practica6.X\Ejercicio1.asm
                     SEIS   0x000122    program     static C:\MicrochipProjects\Practica6.X\Ejercicio1.asm
                       _B   0x000134    program     static C:\MicrochipProjects\Practica6.X\Ejercicio1.asm
                    SIETE   0x000146    program     static C:\MicrochipProjects\Practica6.X\Ejercicio1.asm
                     OCHO   0x000158    program     static C:\MicrochipProjects\Practica6.X\Ejercicio1.asm
                    NUEVE   0x00016a    program     static C:\MicrochipProjects\Practica6.X\Ejercicio1.asm
                       _C   0x00017c    program     static C:\MicrochipProjects\Practica6.X\Ejercicio1.asm
                ASTERISCO   0x00018e    program     static C:\MicrochipProjects\Practica6.X\Ejercicio1.asm
                     CERO   0x0001a0    program     static C:\MicrochipProjects\Practica6.X\Ejercicio1.asm
                     GATO   0x0001b2    program     static C:\MicrochipProjects\Practica6.X\Ejercicio1.asm
                       _D   0x0001c4    program     static C:\MicrochipProjects\Practica6.X\Ejercicio1.asm
               DELAY_20ms   0x0001d6    program     static C:\MicrochipProjects\Practica6.X\Ejercicio1.asm
                    LOOP1   0x0001de    program     static C:\MicrochipProjects\Practica6.X\Ejercicio1.asm


