MPLINK 5.09, LINKER
Linker Map File - Created Sun Oct 24 19:15:24 2021

                                 Section Info
                  Section       Type    Address   Location Size(Bytes)
                ---------  ---------  ---------  ---------  ---------
                   .org_0       code   0x000000    program   0x000004
                   .cinit    romdata   0x000004    program   0x000002
                   .org_1       code   0x000008    program   0x000002
                   .org_2       code   0x000018    program   0x000002
                   .org_3       code   0x000030    program   0x0012d6



                              Program Memory Usage 
                               Start         End      
                           ---------   ---------      
                            0x000000    0x000005      
                            0x000008    0x000009      
                            0x000018    0x000019      
                            0x000030    0x001305      
            4832 out of 33048 program addresses used, program memory utilization is 14%



                              Symbols - Sorted by Name
                     Name    Address   Location    Storage File                     
                ---------  ---------  ---------  --------- ---------                
     ANTIRREBOTE_PUNTAJES   0x000cc0    program     static C:\MicrochipProjects\ProyectoFinal.X\main.asm
           BOTON_AMARILLO   0x000b3e    program     static C:\MicrochipProjects\ProyectoFinal.X\teclado_subrutinas.asm
               BOTON_AZUL   0x000b26    program     static C:\MicrochipProjects\ProyectoFinal.X\teclado_subrutinas.asm
             BOTON_BLANCO   0x000b0e    program     static C:\MicrochipProjects\ProyectoFinal.X\teclado_subrutinas.asm
          BOTON_HIGHSCORE   0x000b68    program     static C:\MicrochipProjects\ProyectoFinal.X\teclado_subrutinas.asm
            BOTON_NARANJA   0x000af6    program     static C:\MicrochipProjects\ProyectoFinal.X\teclado_subrutinas.asm
         BOTON_START_MENU   0x000b56    program     static C:\MicrochipProjects\ProyectoFinal.X\teclado_subrutinas.asm
         BOTON_START_STOP   0x000ae4    program     static C:\MicrochipProjects\ProyectoFinal.X\teclado_subrutinas.asm
         CARGAR_SECUENCIA   0x000c76    program     static C:\MicrochipProjects\ProyectoFinal.X\main.asm
                CONFIGURA   0x000030    program     static C:\MicrochipProjects\ProyectoFinal.X\inicializacion.asm
            CONFIGURE_LCD   0x00017e    program     static C:\MicrochipProjects\ProyectoFinal.X\lcd_subrutinas.asm
                DATA_READ   0x00014c    program     static C:\MicrochipProjects\ProyectoFinal.X\lcd_subrutinas.asm
               DATA_WRITE   0x000144    program     static C:\MicrochipProjects\ProyectoFinal.X\lcd_subrutinas.asm
                  DECODER   0x000c32    program     static C:\MicrochipProjects\ProyectoFinal.X\otras_subrutinas.asm
              DELAY_100ms   0x00006e    program     static C:\MicrochipProjects\ProyectoFinal.X\delays.asm
              DELAY_100us   0x000062    program     static C:\MicrochipProjects\ProyectoFinal.X\delays.asm
                 DELAY_1s   0x00009a    program     static C:\MicrochipProjects\ProyectoFinal.X\delays.asm
           DELAY_1s_LOOP1   0x0000a8    program     static C:\MicrochipProjects\ProyectoFinal.X\delays.asm
           DELAY_1s_LOOP2   0x0000ba    program     static C:\MicrochipProjects\ProyectoFinal.X\delays.asm
               DELAY_20ms   0x000084    program     static C:\MicrochipProjects\ProyectoFinal.X\delays.asm
       ENCENDER_SECUENCIA   0x000c5c    program     static C:\MicrochipProjects\ProyectoFinal.X\otras_subrutinas.asm
               ESPERA_LCD   0x000164    program     static C:\MicrochipProjects\ProyectoFinal.X\lcd_subrutinas.asm
                GAME_OVER   0x000102    program     static C:\MicrochipProjects\ProyectoFinal.X\delays.asm
                HIGHSCORE   0x000116    program     static C:\MicrochipProjects\ProyectoFinal.X\delays.asm
        INSTRUCTION_WRITE   0x00013c    program     static C:\MicrochipProjects\ProyectoFinal.X\lcd_subrutinas.asm
                    JUEGO   0x000cce    program     static C:\MicrochipProjects\ProyectoFinal.X\main.asm
                   LED_01   0x000c40    program     static C:\MicrochipProjects\ProyectoFinal.X\otras_subrutinas.asm
                   LED_10   0x000c4c    program     static C:\MicrochipProjects\ProyectoFinal.X\otras_subrutinas.asm
                   LED_11   0x000c58    program     static C:\MicrochipProjects\ProyectoFinal.X\otras_subrutinas.asm
                    LOOP1   0x00008c    program     static C:\MicrochipProjects\ProyectoFinal.X\delays.asm
          LOOP_LOSER_LEFT   0x000624    program     static C:\MicrochipProjects\ProyectoFinal.X\lcd_caracteres.asm
         LOOP_LOSER_RIGHT   0x000638    program     static C:\MicrochipProjects\ProyectoFinal.X\lcd_caracteres.asm
                     MAIN   0x000ca0    program     static C:\MicrochipProjects\ProyectoFinal.X\main.asm
           MENU_PRINCIPAL   0x000ca8    program     static C:\MicrochipProjects\ProyectoFinal.X\main.asm
                   NIVEL1   0x000cd6    program     static C:\MicrochipProjects\ProyectoFinal.X\main.asm
                  NIVEL10   0x0011e6    program     static C:\MicrochipProjects\ProyectoFinal.X\main.asm
                   NIVEL2   0x000cf6    program     static C:\MicrochipProjects\ProyectoFinal.X\main.asm
                   NIVEL3   0x000d32    program     static C:\MicrochipProjects\ProyectoFinal.X\main.asm
                   NIVEL4   0x000d8a    program     static C:\MicrochipProjects\ProyectoFinal.X\main.asm
                   NIVEL5   0x000dfe    program     static C:\MicrochipProjects\ProyectoFinal.X\main.asm
                   NIVEL6   0x000e8e    program     static C:\MicrochipProjects\ProyectoFinal.X\main.asm
                   NIVEL7   0x000f3a    program     static C:\MicrochipProjects\ProyectoFinal.X\main.asm
                   NIVEL8   0x001002    program     static C:\MicrochipProjects\ProyectoFinal.X\main.asm
                   NIVEL9   0x0010e6    program     static C:\MicrochipProjects\ProyectoFinal.X\main.asm
           NIVEL_SUPERADO   0x000126    program     static C:\MicrochipProjects\ProyectoFinal.X\delays.asm
                  ON_BLUE   0x000bf2    program     static C:\MicrochipProjects\ProyectoFinal.X\otras_subrutinas.asm
                 ON_GREEN   0x000b8a    program     static C:\MicrochipProjects\ProyectoFinal.X\otras_subrutinas.asm
                ON_ORANGE   0x000bbe    program     static C:\MicrochipProjects\ProyectoFinal.X\otras_subrutinas.asm
                   ON_RED   0x000ba4    program     static C:\MicrochipProjects\ProyectoFinal.X\otras_subrutinas.asm
                 ON_WHITE   0x000bd8    program     static C:\MicrochipProjects\ProyectoFinal.X\otras_subrutinas.asm
                ON_YELLOW   0x000c0c    program     static C:\MicrochipProjects\ProyectoFinal.X\otras_subrutinas.asm
                 PUNTAJES   0x000cb2    program     static C:\MicrochipProjects\ProyectoFinal.X\main.asm
          RANDOM_REGISTER   0x000c26    program     static C:\MicrochipProjects\ProyectoFinal.X\otras_subrutinas.asm
          RECORRIDO_JUEGO   0x000aa0    program     static C:\MicrochipProjects\ProyectoFinal.X\teclado_subrutinas.asm
           RECORRIDO_MENU   0x000acc    program     static C:\MicrochipProjects\ProyectoFinal.X\teclado_subrutinas.asm
                  REGRESA   0x00016e    program     static C:\MicrochipProjects\ProyectoFinal.X\lcd_subrutinas.asm
            REVISAR_BOTON   0x000b7a    program     static C:\MicrochipProjects\ProyectoFinal.X\teclado_subrutinas.asm
                SEND_DATA   0x000154    program     static C:\MicrochipProjects\ProyectoFinal.X\lcd_subrutinas.asm
           SHOW_HIGHSCORE   0x000772    program     static C:\MicrochipProjects\ProyectoFinal.X\lcd_caracteres.asm
           SHOW_MAIN_MENU   0x0009d6    program     static C:\MicrochipProjects\ProyectoFinal.X\lcd_caracteres.asm
             SHOW_PUNTAJE   0x0008a4    program     static C:\MicrochipProjects\ProyectoFinal.X\lcd_caracteres.asm
         SHOW_SCORES_MENU   0x000912    program     static C:\MicrochipProjects\ProyectoFinal.X\lcd_caracteres.asm
          SHOW_TIMES_OVER   0x00084a    program     static C:\MicrochipProjects\ProyectoFinal.X\lcd_caracteres.asm
                     STOP   0x00010a    program     static C:\MicrochipProjects\ProyectoFinal.X\delays.asm
            STOP_PUNTAJES   0x000cba    program     static C:\MicrochipProjects\ProyectoFinal.X\main.asm
                 TIMER_5s   0x0000c8    program     static C:\MicrochipProjects\ProyectoFinal.X\delays.asm
                 TIME_OUT   0x0000f6    program     static C:\MicrochipProjects\ProyectoFinal.X\delays.asm
       WIN_ANIMATION_LOOP   0x000692    program     static C:\MicrochipProjects\ProyectoFinal.X\lcd_caracteres.asm
     _LOADING_CHARS_GANAR   0x000216    program     static C:\MicrochipProjects\ProyectoFinal.X\lcd_caracteres.asm
    _LOADING_CHARS_PERDER   0x000346    program     static C:\MicrochipProjects\ProyectoFinal.X\lcd_caracteres.asm
    _LOADING_CHARS_TIEMPO   0x0001a6    program     static C:\MicrochipProjects\ProyectoFinal.X\lcd_caracteres.asm
           _LOSING_PIXELS   0x000354    program     static C:\MicrochipProjects\ProyectoFinal.X\lcd_caracteres.asm
              _SAD_PIXELS   0x0001b4    program     static C:\MicrochipProjects\ProyectoFinal.X\lcd_caracteres.asm
           _WINNER_PIXELS   0x000224    program     static C:\MicrochipProjects\ProyectoFinal.X\lcd_caracteres.asm
      _WRITING_LOSER_ANIM   0x0004d6    program     static C:\MicrochipProjects\ProyectoFinal.X\lcd_caracteres.asm
     _WRITING_WINNER_ANIM   0x00064a    program     static C:\MicrochipProjects\ProyectoFinal.X\lcd_caracteres.asm
                   espera   0x0000d8    program     static C:\MicrochipProjects\ProyectoFinal.X\delays.asm
                    loop1   0x000066    program     static C:\MicrochipProjects\ProyectoFinal.X\delays.asm
                    loop2   0x000076    program     static C:\MicrochipProjects\ProyectoFinal.X\delays.asm



                              Symbols - Sorted by Address
                     Name    Address   Location    Storage File                     
                ---------  ---------  ---------  --------- ---------                
                CONFIGURA   0x000030    program     static C:\MicrochipProjects\ProyectoFinal.X\inicializacion.asm
              DELAY_100us   0x000062    program     static C:\MicrochipProjects\ProyectoFinal.X\delays.asm
                    loop1   0x000066    program     static C:\MicrochipProjects\ProyectoFinal.X\delays.asm
              DELAY_100ms   0x00006e    program     static C:\MicrochipProjects\ProyectoFinal.X\delays.asm
                    loop2   0x000076    program     static C:\MicrochipProjects\ProyectoFinal.X\delays.asm
               DELAY_20ms   0x000084    program     static C:\MicrochipProjects\ProyectoFinal.X\delays.asm
                    LOOP1   0x00008c    program     static C:\MicrochipProjects\ProyectoFinal.X\delays.asm
                 DELAY_1s   0x00009a    program     static C:\MicrochipProjects\ProyectoFinal.X\delays.asm
           DELAY_1s_LOOP1   0x0000a8    program     static C:\MicrochipProjects\ProyectoFinal.X\delays.asm
           DELAY_1s_LOOP2   0x0000ba    program     static C:\MicrochipProjects\ProyectoFinal.X\delays.asm
                 TIMER_5s   0x0000c8    program     static C:\MicrochipProjects\ProyectoFinal.X\delays.asm
                   espera   0x0000d8    program     static C:\MicrochipProjects\ProyectoFinal.X\delays.asm
                 TIME_OUT   0x0000f6    program     static C:\MicrochipProjects\ProyectoFinal.X\delays.asm
                GAME_OVER   0x000102    program     static C:\MicrochipProjects\ProyectoFinal.X\delays.asm
                     STOP   0x00010a    program     static C:\MicrochipProjects\ProyectoFinal.X\delays.asm
                HIGHSCORE   0x000116    program     static C:\MicrochipProjects\ProyectoFinal.X\delays.asm
           NIVEL_SUPERADO   0x000126    program     static C:\MicrochipProjects\ProyectoFinal.X\delays.asm
        INSTRUCTION_WRITE   0x00013c    program     static C:\MicrochipProjects\ProyectoFinal.X\lcd_subrutinas.asm
               DATA_WRITE   0x000144    program     static C:\MicrochipProjects\ProyectoFinal.X\lcd_subrutinas.asm
                DATA_READ   0x00014c    program     static C:\MicrochipProjects\ProyectoFinal.X\lcd_subrutinas.asm
                SEND_DATA   0x000154    program     static C:\MicrochipProjects\ProyectoFinal.X\lcd_subrutinas.asm
               ESPERA_LCD   0x000164    program     static C:\MicrochipProjects\ProyectoFinal.X\lcd_subrutinas.asm
                  REGRESA   0x00016e    program     static C:\MicrochipProjects\ProyectoFinal.X\lcd_subrutinas.asm
            CONFIGURE_LCD   0x00017e    program     static C:\MicrochipProjects\ProyectoFinal.X\lcd_subrutinas.asm
    _LOADING_CHARS_TIEMPO   0x0001a6    program     static C:\MicrochipProjects\ProyectoFinal.X\lcd_caracteres.asm
              _SAD_PIXELS   0x0001b4    program     static C:\MicrochipProjects\ProyectoFinal.X\lcd_caracteres.asm
     _LOADING_CHARS_GANAR   0x000216    program     static C:\MicrochipProjects\ProyectoFinal.X\lcd_caracteres.asm
           _WINNER_PIXELS   0x000224    program     static C:\MicrochipProjects\ProyectoFinal.X\lcd_caracteres.asm
    _LOADING_CHARS_PERDER   0x000346    program     static C:\MicrochipProjects\ProyectoFinal.X\lcd_caracteres.asm
           _LOSING_PIXELS   0x000354    program     static C:\MicrochipProjects\ProyectoFinal.X\lcd_caracteres.asm
      _WRITING_LOSER_ANIM   0x0004d6    program     static C:\MicrochipProjects\ProyectoFinal.X\lcd_caracteres.asm
          LOOP_LOSER_LEFT   0x000624    program     static C:\MicrochipProjects\ProyectoFinal.X\lcd_caracteres.asm
         LOOP_LOSER_RIGHT   0x000638    program     static C:\MicrochipProjects\ProyectoFinal.X\lcd_caracteres.asm
     _WRITING_WINNER_ANIM   0x00064a    program     static C:\MicrochipProjects\ProyectoFinal.X\lcd_caracteres.asm
       WIN_ANIMATION_LOOP   0x000692    program     static C:\MicrochipProjects\ProyectoFinal.X\lcd_caracteres.asm
           SHOW_HIGHSCORE   0x000772    program     static C:\MicrochipProjects\ProyectoFinal.X\lcd_caracteres.asm
          SHOW_TIMES_OVER   0x00084a    program     static C:\MicrochipProjects\ProyectoFinal.X\lcd_caracteres.asm
             SHOW_PUNTAJE   0x0008a4    program     static C:\MicrochipProjects\ProyectoFinal.X\lcd_caracteres.asm
         SHOW_SCORES_MENU   0x000912    program     static C:\MicrochipProjects\ProyectoFinal.X\lcd_caracteres.asm
           SHOW_MAIN_MENU   0x0009d6    program     static C:\MicrochipProjects\ProyectoFinal.X\lcd_caracteres.asm
          RECORRIDO_JUEGO   0x000aa0    program     static C:\MicrochipProjects\ProyectoFinal.X\teclado_subrutinas.asm
           RECORRIDO_MENU   0x000acc    program     static C:\MicrochipProjects\ProyectoFinal.X\teclado_subrutinas.asm
         BOTON_START_STOP   0x000ae4    program     static C:\MicrochipProjects\ProyectoFinal.X\teclado_subrutinas.asm
            BOTON_NARANJA   0x000af6    program     static C:\MicrochipProjects\ProyectoFinal.X\teclado_subrutinas.asm
             BOTON_BLANCO   0x000b0e    program     static C:\MicrochipProjects\ProyectoFinal.X\teclado_subrutinas.asm
               BOTON_AZUL   0x000b26    program     static C:\MicrochipProjects\ProyectoFinal.X\teclado_subrutinas.asm
           BOTON_AMARILLO   0x000b3e    program     static C:\MicrochipProjects\ProyectoFinal.X\teclado_subrutinas.asm
         BOTON_START_MENU   0x000b56    program     static C:\MicrochipProjects\ProyectoFinal.X\teclado_subrutinas.asm
          BOTON_HIGHSCORE   0x000b68    program     static C:\MicrochipProjects\ProyectoFinal.X\teclado_subrutinas.asm
            REVISAR_BOTON   0x000b7a    program     static C:\MicrochipProjects\ProyectoFinal.X\teclado_subrutinas.asm
                 ON_GREEN   0x000b8a    program     static C:\MicrochipProjects\ProyectoFinal.X\otras_subrutinas.asm
                   ON_RED   0x000ba4    program     static C:\MicrochipProjects\ProyectoFinal.X\otras_subrutinas.asm
                ON_ORANGE   0x000bbe    program     static C:\MicrochipProjects\ProyectoFinal.X\otras_subrutinas.asm
                 ON_WHITE   0x000bd8    program     static C:\MicrochipProjects\ProyectoFinal.X\otras_subrutinas.asm
                  ON_BLUE   0x000bf2    program     static C:\MicrochipProjects\ProyectoFinal.X\otras_subrutinas.asm
                ON_YELLOW   0x000c0c    program     static C:\MicrochipProjects\ProyectoFinal.X\otras_subrutinas.asm
          RANDOM_REGISTER   0x000c26    program     static C:\MicrochipProjects\ProyectoFinal.X\otras_subrutinas.asm
                  DECODER   0x000c32    program     static C:\MicrochipProjects\ProyectoFinal.X\otras_subrutinas.asm
                   LED_01   0x000c40    program     static C:\MicrochipProjects\ProyectoFinal.X\otras_subrutinas.asm
                   LED_10   0x000c4c    program     static C:\MicrochipProjects\ProyectoFinal.X\otras_subrutinas.asm
                   LED_11   0x000c58    program     static C:\MicrochipProjects\ProyectoFinal.X\otras_subrutinas.asm
       ENCENDER_SECUENCIA   0x000c5c    program     static C:\MicrochipProjects\ProyectoFinal.X\otras_subrutinas.asm
         CARGAR_SECUENCIA   0x000c76    program     static C:\MicrochipProjects\ProyectoFinal.X\main.asm
                     MAIN   0x000ca0    program     static C:\MicrochipProjects\ProyectoFinal.X\main.asm
           MENU_PRINCIPAL   0x000ca8    program     static C:\MicrochipProjects\ProyectoFinal.X\main.asm
                 PUNTAJES   0x000cb2    program     static C:\MicrochipProjects\ProyectoFinal.X\main.asm
            STOP_PUNTAJES   0x000cba    program     static C:\MicrochipProjects\ProyectoFinal.X\main.asm
     ANTIRREBOTE_PUNTAJES   0x000cc0    program     static C:\MicrochipProjects\ProyectoFinal.X\main.asm
                    JUEGO   0x000cce    program     static C:\MicrochipProjects\ProyectoFinal.X\main.asm
                   NIVEL1   0x000cd6    program     static C:\MicrochipProjects\ProyectoFinal.X\main.asm
                   NIVEL2   0x000cf6    program     static C:\MicrochipProjects\ProyectoFinal.X\main.asm
                   NIVEL3   0x000d32    program     static C:\MicrochipProjects\ProyectoFinal.X\main.asm
                   NIVEL4   0x000d8a    program     static C:\MicrochipProjects\ProyectoFinal.X\main.asm
                   NIVEL5   0x000dfe    program     static C:\MicrochipProjects\ProyectoFinal.X\main.asm
                   NIVEL6   0x000e8e    program     static C:\MicrochipProjects\ProyectoFinal.X\main.asm
                   NIVEL7   0x000f3a    program     static C:\MicrochipProjects\ProyectoFinal.X\main.asm
                   NIVEL8   0x001002    program     static C:\MicrochipProjects\ProyectoFinal.X\main.asm
                   NIVEL9   0x0010e6    program     static C:\MicrochipProjects\ProyectoFinal.X\main.asm
                  NIVEL10   0x0011e6    program     static C:\MicrochipProjects\ProyectoFinal.X\main.asm


