MPLINK 5.09, LINKER
Linker Map File - Created Sun Oct 24 16:17:25 2021

                                 Section Info
                  Section       Type    Address   Location Size(Bytes)
                ---------  ---------  ---------  ---------  ---------
                   .org_0       code   0x000000    program   0x000004
                   .cinit    romdata   0x000004    program   0x000002
                   .org_1       code   0x000008    program   0x000002
                   .org_2       code   0x000018    program   0x000002
                   .org_3       code   0x000030    program   0x0012f4



                              Program Memory Usage 
                               Start         End      
                           ---------   ---------      
                            0x000000    0x000005      
                            0x000008    0x000009      
                            0x000018    0x000019      
                            0x000030    0x001323      
            4862 out of 33048 program addresses used, program memory utilization is 14%



                              Symbols - Sorted by Name
                     Name    Address   Location    Storage File                     
                ---------  ---------  ---------  --------- ---------                
     ANTIRREBOTE_PUNTAJES   0x000ce2    program     static C:\MicrochipProjects\ProyectoFinal.X\main.asm
           BOTON_AMARILLO   0x000b60    program     static C:\MicrochipProjects\ProyectoFinal.X\teclado_subrutinas.asm
               BOTON_AZUL   0x000b48    program     static C:\MicrochipProjects\ProyectoFinal.X\teclado_subrutinas.asm
             BOTON_BLANCO   0x000b30    program     static C:\MicrochipProjects\ProyectoFinal.X\teclado_subrutinas.asm
          BOTON_HIGHSCORE   0x000b8a    program     static C:\MicrochipProjects\ProyectoFinal.X\teclado_subrutinas.asm
            BOTON_NARANJA   0x000b18    program     static C:\MicrochipProjects\ProyectoFinal.X\teclado_subrutinas.asm
         BOTON_START_MENU   0x000b78    program     static C:\MicrochipProjects\ProyectoFinal.X\teclado_subrutinas.asm
         BOTON_START_STOP   0x000b06    program     static C:\MicrochipProjects\ProyectoFinal.X\teclado_subrutinas.asm
         CARGAR_SECUENCIA   0x000c98    program     static C:\MicrochipProjects\ProyectoFinal.X\main.asm
                CONFIGURA   0x000030    program     static C:\MicrochipProjects\ProyectoFinal.X\inicializacion.asm
            CONFIGURE_LCD   0x000182    program     static C:\MicrochipProjects\ProyectoFinal.X\lcd_subrutinas.asm
                DATA_READ   0x000150    program     static C:\MicrochipProjects\ProyectoFinal.X\lcd_subrutinas.asm
               DATA_WRITE   0x000148    program     static C:\MicrochipProjects\ProyectoFinal.X\lcd_subrutinas.asm
                  DECODER   0x000c54    program     static C:\MicrochipProjects\ProyectoFinal.X\otras_subrutinas.asm
              DELAY_100ms   0x00006e    program     static C:\MicrochipProjects\ProyectoFinal.X\delays.asm
              DELAY_100us   0x000062    program     static C:\MicrochipProjects\ProyectoFinal.X\delays.asm
                 DELAY_1s   0x00009a    program     static C:\MicrochipProjects\ProyectoFinal.X\delays.asm
           DELAY_1s_LOOP1   0x0000a8    program     static C:\MicrochipProjects\ProyectoFinal.X\delays.asm
           DELAY_1s_LOOP2   0x0000ba    program     static C:\MicrochipProjects\ProyectoFinal.X\delays.asm
               DELAY_20ms   0x000084    program     static C:\MicrochipProjects\ProyectoFinal.X\delays.asm
       ENCENDER_SECUENCIA   0x000c7e    program     static C:\MicrochipProjects\ProyectoFinal.X\otras_subrutinas.asm
               ESPERA_LCD   0x000168    program     static C:\MicrochipProjects\ProyectoFinal.X\lcd_subrutinas.asm
                GAME_OVER   0x000102    program     static C:\MicrochipProjects\ProyectoFinal.X\delays.asm
        INSTRUCTION_WRITE   0x000140    program     static C:\MicrochipProjects\ProyectoFinal.X\lcd_subrutinas.asm
                    JUEGO   0x000cf0    program     static C:\MicrochipProjects\ProyectoFinal.X\main.asm
                   LED_01   0x000c62    program     static C:\MicrochipProjects\ProyectoFinal.X\otras_subrutinas.asm
                   LED_10   0x000c6e    program     static C:\MicrochipProjects\ProyectoFinal.X\otras_subrutinas.asm
                   LED_11   0x000c7a    program     static C:\MicrochipProjects\ProyectoFinal.X\otras_subrutinas.asm
                    LOOP1   0x00008c    program     static C:\MicrochipProjects\ProyectoFinal.X\delays.asm
          LOOP_LOSER_LEFT   0x0006f2    program     static C:\MicrochipProjects\ProyectoFinal.X\lcd_caracteres.asm
         LOOP_LOSER_RIGHT   0x00070a    program     static C:\MicrochipProjects\ProyectoFinal.X\lcd_caracteres.asm
                     MAIN   0x000cc2    program     static C:\MicrochipProjects\ProyectoFinal.X\main.asm
           MENU_PRINCIPAL   0x000cca    program     static C:\MicrochipProjects\ProyectoFinal.X\main.asm
                   NIVEL1   0x000cf8    program     static C:\MicrochipProjects\ProyectoFinal.X\main.asm
                  NIVEL10   0x001208    program     static C:\MicrochipProjects\ProyectoFinal.X\main.asm
                   NIVEL2   0x000d18    program     static C:\MicrochipProjects\ProyectoFinal.X\main.asm
                   NIVEL3   0x000d54    program     static C:\MicrochipProjects\ProyectoFinal.X\main.asm
                   NIVEL4   0x000dac    program     static C:\MicrochipProjects\ProyectoFinal.X\main.asm
                   NIVEL5   0x000e20    program     static C:\MicrochipProjects\ProyectoFinal.X\main.asm
                   NIVEL6   0x000eb0    program     static C:\MicrochipProjects\ProyectoFinal.X\main.asm
                   NIVEL7   0x000f5c    program     static C:\MicrochipProjects\ProyectoFinal.X\main.asm
                   NIVEL8   0x001024    program     static C:\MicrochipProjects\ProyectoFinal.X\main.asm
                   NIVEL9   0x001108    program     static C:\MicrochipProjects\ProyectoFinal.X\main.asm
           NIVEL_SUPERADO   0x000126    program     static C:\MicrochipProjects\ProyectoFinal.X\delays.asm
                  ON_BLUE   0x000c14    program     static C:\MicrochipProjects\ProyectoFinal.X\otras_subrutinas.asm
                 ON_GREEN   0x000bac    program     static C:\MicrochipProjects\ProyectoFinal.X\otras_subrutinas.asm
                ON_ORANGE   0x000be0    program     static C:\MicrochipProjects\ProyectoFinal.X\otras_subrutinas.asm
                   ON_RED   0x000bc6    program     static C:\MicrochipProjects\ProyectoFinal.X\otras_subrutinas.asm
                 ON_WHITE   0x000bfa    program     static C:\MicrochipProjects\ProyectoFinal.X\otras_subrutinas.asm
                ON_YELLOW   0x000c2e    program     static C:\MicrochipProjects\ProyectoFinal.X\otras_subrutinas.asm
                 PUNTAJES   0x000cd4    program     static C:\MicrochipProjects\ProyectoFinal.X\main.asm
          RANDOM_REGISTER   0x000c48    program     static C:\MicrochipProjects\ProyectoFinal.X\otras_subrutinas.asm
          RECORRIDO_JUEGO   0x000ac2    program     static C:\MicrochipProjects\ProyectoFinal.X\teclado_subrutinas.asm
           RECORRIDO_MENU   0x000aee    program     static C:\MicrochipProjects\ProyectoFinal.X\teclado_subrutinas.asm
                  REGRESA   0x000172    program     static C:\MicrochipProjects\ProyectoFinal.X\lcd_subrutinas.asm
            REVISAR_BOTON   0x000b9c    program     static C:\MicrochipProjects\ProyectoFinal.X\teclado_subrutinas.asm
                SEND_DATA   0x000158    program     static C:\MicrochipProjects\ProyectoFinal.X\lcd_subrutinas.asm
           SHOW_HIGHSCORE   0x000852    program     static C:\MicrochipProjects\ProyectoFinal.X\lcd_caracteres.asm
           SHOW_MAIN_MENU   0x0001aa    program     static C:\MicrochipProjects\ProyectoFinal.X\lcd_subrutinas.asm
             SHOW_PUNTAJE   0x000984    program     static C:\MicrochipProjects\ProyectoFinal.X\lcd_caracteres.asm
         SHOW_SCORES_MENU   0x0009fe    program     static C:\MicrochipProjects\ProyectoFinal.X\lcd_caracteres.asm
          SHOW_TIMES_OVER   0x00092a    program     static C:\MicrochipProjects\ProyectoFinal.X\lcd_caracteres.asm
                     STOP   0x00010a    program     static C:\MicrochipProjects\ProyectoFinal.X\delays.asm
            STOP_PUNTAJES   0x000cdc    program     static C:\MicrochipProjects\ProyectoFinal.X\main.asm
                 TIMER_5s   0x0000c8    program     static C:\MicrochipProjects\ProyectoFinal.X\delays.asm
                 TIME_OUT   0x0000f6    program     static C:\MicrochipProjects\ProyectoFinal.X\delays.asm
       WIN_ANIMATION_LOOP   0x000768    program     static C:\MicrochipProjects\ProyectoFinal.X\lcd_caracteres.asm
     _LOADING_CHARS_GANAR   0x0002e4    program     static C:\MicrochipProjects\ProyectoFinal.X\lcd_caracteres.asm
    _LOADING_CHARS_PERDER   0x000414    program     static C:\MicrochipProjects\ProyectoFinal.X\lcd_caracteres.asm
    _LOADING_CHARS_TIEMPO   0x000274    program     static C:\MicrochipProjects\ProyectoFinal.X\lcd_caracteres.asm
           _LOSING_PIXELS   0x000422    program     static C:\MicrochipProjects\ProyectoFinal.X\lcd_caracteres.asm
              _SAD_PIXELS   0x000282    program     static C:\MicrochipProjects\ProyectoFinal.X\lcd_caracteres.asm
           _WINNER_PIXELS   0x0002f2    program     static C:\MicrochipProjects\ProyectoFinal.X\lcd_caracteres.asm
      _WRITING_LOSER_ANIM   0x0005a4    program     static C:\MicrochipProjects\ProyectoFinal.X\lcd_caracteres.asm
     _WRITING_WINNER_ANIM   0x000720    program     static C:\MicrochipProjects\ProyectoFinal.X\lcd_caracteres.asm
                   espera   0x0000d8    program     static C:\MicrochipProjects\ProyectoFinal.X\delays.asm
                    loop1   0x000066    program     static C:\MicrochipProjects\ProyectoFinal.X\delays.asm
                    loop2   0x000076    program     static C:\MicrochipProjects\ProyectoFinal.X\delays.asm



                              Symbols - Sorted by Address
                     Name    Address   Location    Storage File                     
                ---------  ---------  ---------  --------- ---------                
                CONFIGURA   0x000030    program     static C:\MicrochipProjects\ProyectoFinal.X\inicializacion.asm
              DELAY_100us   0x000062    program     static C:\MicrochipProjects\ProyectoFinal.X\delays.asm
                    loop1   0x000066    program     static C:\MicrochipProjects\ProyectoFinal.X\delays.asm
              DELAY_100ms   0x00006e    program     static C:\MicrochipProjects\ProyectoFinal.X\delays.asm
                    loop2   0x000076    program     static C:\MicrochipProjects\ProyectoFinal.X\delays.asm
               DELAY_20ms   0x000084    program     static C:\MicrochipProjects\ProyectoFinal.X\delays.asm
                    LOOP1   0x00008c    program     static C:\MicrochipProjects\ProyectoFinal.X\delays.asm
                 DELAY_1s   0x00009a    program     static C:\MicrochipProjects\ProyectoFinal.X\delays.asm
           DELAY_1s_LOOP1   0x0000a8    program     static C:\MicrochipProjects\ProyectoFinal.X\delays.asm
           DELAY_1s_LOOP2   0x0000ba    program     static C:\MicrochipProjects\ProyectoFinal.X\delays.asm
                 TIMER_5s   0x0000c8    program     static C:\MicrochipProjects\ProyectoFinal.X\delays.asm
                   espera   0x0000d8    program     static C:\MicrochipProjects\ProyectoFinal.X\delays.asm
                 TIME_OUT   0x0000f6    program     static C:\MicrochipProjects\ProyectoFinal.X\delays.asm
                GAME_OVER   0x000102    program     static C:\MicrochipProjects\ProyectoFinal.X\delays.asm
                     STOP   0x00010a    program     static C:\MicrochipProjects\ProyectoFinal.X\delays.asm
           NIVEL_SUPERADO   0x000126    program     static C:\MicrochipProjects\ProyectoFinal.X\delays.asm
        INSTRUCTION_WRITE   0x000140    program     static C:\MicrochipProjects\ProyectoFinal.X\lcd_subrutinas.asm
               DATA_WRITE   0x000148    program     static C:\MicrochipProjects\ProyectoFinal.X\lcd_subrutinas.asm
                DATA_READ   0x000150    program     static C:\MicrochipProjects\ProyectoFinal.X\lcd_subrutinas.asm
                SEND_DATA   0x000158    program     static C:\MicrochipProjects\ProyectoFinal.X\lcd_subrutinas.asm
               ESPERA_LCD   0x000168    program     static C:\MicrochipProjects\ProyectoFinal.X\lcd_subrutinas.asm
                  REGRESA   0x000172    program     static C:\MicrochipProjects\ProyectoFinal.X\lcd_subrutinas.asm
            CONFIGURE_LCD   0x000182    program     static C:\MicrochipProjects\ProyectoFinal.X\lcd_subrutinas.asm
           SHOW_MAIN_MENU   0x0001aa    program     static C:\MicrochipProjects\ProyectoFinal.X\lcd_subrutinas.asm
    _LOADING_CHARS_TIEMPO   0x000274    program     static C:\MicrochipProjects\ProyectoFinal.X\lcd_caracteres.asm
              _SAD_PIXELS   0x000282    program     static C:\MicrochipProjects\ProyectoFinal.X\lcd_caracteres.asm
     _LOADING_CHARS_GANAR   0x0002e4    program     static C:\MicrochipProjects\ProyectoFinal.X\lcd_caracteres.asm
           _WINNER_PIXELS   0x0002f2    program     static C:\MicrochipProjects\ProyectoFinal.X\lcd_caracteres.asm
    _LOADING_CHARS_PERDER   0x000414    program     static C:\MicrochipProjects\ProyectoFinal.X\lcd_caracteres.asm
           _LOSING_PIXELS   0x000422    program     static C:\MicrochipProjects\ProyectoFinal.X\lcd_caracteres.asm
      _WRITING_LOSER_ANIM   0x0005a4    program     static C:\MicrochipProjects\ProyectoFinal.X\lcd_caracteres.asm
          LOOP_LOSER_LEFT   0x0006f2    program     static C:\MicrochipProjects\ProyectoFinal.X\lcd_caracteres.asm
         LOOP_LOSER_RIGHT   0x00070a    program     static C:\MicrochipProjects\ProyectoFinal.X\lcd_caracteres.asm
     _WRITING_WINNER_ANIM   0x000720    program     static C:\MicrochipProjects\ProyectoFinal.X\lcd_caracteres.asm
       WIN_ANIMATION_LOOP   0x000768    program     static C:\MicrochipProjects\ProyectoFinal.X\lcd_caracteres.asm
           SHOW_HIGHSCORE   0x000852    program     static C:\MicrochipProjects\ProyectoFinal.X\lcd_caracteres.asm
          SHOW_TIMES_OVER   0x00092a    program     static C:\MicrochipProjects\ProyectoFinal.X\lcd_caracteres.asm
             SHOW_PUNTAJE   0x000984    program     static C:\MicrochipProjects\ProyectoFinal.X\lcd_caracteres.asm
         SHOW_SCORES_MENU   0x0009fe    program     static C:\MicrochipProjects\ProyectoFinal.X\lcd_caracteres.asm
          RECORRIDO_JUEGO   0x000ac2    program     static C:\MicrochipProjects\ProyectoFinal.X\teclado_subrutinas.asm
           RECORRIDO_MENU   0x000aee    program     static C:\MicrochipProjects\ProyectoFinal.X\teclado_subrutinas.asm
         BOTON_START_STOP   0x000b06    program     static C:\MicrochipProjects\ProyectoFinal.X\teclado_subrutinas.asm
            BOTON_NARANJA   0x000b18    program     static C:\MicrochipProjects\ProyectoFinal.X\teclado_subrutinas.asm
             BOTON_BLANCO   0x000b30    program     static C:\MicrochipProjects\ProyectoFinal.X\teclado_subrutinas.asm
               BOTON_AZUL   0x000b48    program     static C:\MicrochipProjects\ProyectoFinal.X\teclado_subrutinas.asm
           BOTON_AMARILLO   0x000b60    program     static C:\MicrochipProjects\ProyectoFinal.X\teclado_subrutinas.asm
         BOTON_START_MENU   0x000b78    program     static C:\MicrochipProjects\ProyectoFinal.X\teclado_subrutinas.asm
          BOTON_HIGHSCORE   0x000b8a    program     static C:\MicrochipProjects\ProyectoFinal.X\teclado_subrutinas.asm
            REVISAR_BOTON   0x000b9c    program     static C:\MicrochipProjects\ProyectoFinal.X\teclado_subrutinas.asm
                 ON_GREEN   0x000bac    program     static C:\MicrochipProjects\ProyectoFinal.X\otras_subrutinas.asm
                   ON_RED   0x000bc6    program     static C:\MicrochipProjects\ProyectoFinal.X\otras_subrutinas.asm
                ON_ORANGE   0x000be0    program     static C:\MicrochipProjects\ProyectoFinal.X\otras_subrutinas.asm
                 ON_WHITE   0x000bfa    program     static C:\MicrochipProjects\ProyectoFinal.X\otras_subrutinas.asm
                  ON_BLUE   0x000c14    program     static C:\MicrochipProjects\ProyectoFinal.X\otras_subrutinas.asm
                ON_YELLOW   0x000c2e    program     static C:\MicrochipProjects\ProyectoFinal.X\otras_subrutinas.asm
          RANDOM_REGISTER   0x000c48    program     static C:\MicrochipProjects\ProyectoFinal.X\otras_subrutinas.asm
                  DECODER   0x000c54    program     static C:\MicrochipProjects\ProyectoFinal.X\otras_subrutinas.asm
                   LED_01   0x000c62    program     static C:\MicrochipProjects\ProyectoFinal.X\otras_subrutinas.asm
                   LED_10   0x000c6e    program     static C:\MicrochipProjects\ProyectoFinal.X\otras_subrutinas.asm
                   LED_11   0x000c7a    program     static C:\MicrochipProjects\ProyectoFinal.X\otras_subrutinas.asm
       ENCENDER_SECUENCIA   0x000c7e    program     static C:\MicrochipProjects\ProyectoFinal.X\otras_subrutinas.asm
         CARGAR_SECUENCIA   0x000c98    program     static C:\MicrochipProjects\ProyectoFinal.X\main.asm
                     MAIN   0x000cc2    program     static C:\MicrochipProjects\ProyectoFinal.X\main.asm
           MENU_PRINCIPAL   0x000cca    program     static C:\MicrochipProjects\ProyectoFinal.X\main.asm
                 PUNTAJES   0x000cd4    program     static C:\MicrochipProjects\ProyectoFinal.X\main.asm
            STOP_PUNTAJES   0x000cdc    program     static C:\MicrochipProjects\ProyectoFinal.X\main.asm
     ANTIRREBOTE_PUNTAJES   0x000ce2    program     static C:\MicrochipProjects\ProyectoFinal.X\main.asm
                    JUEGO   0x000cf0    program     static C:\MicrochipProjects\ProyectoFinal.X\main.asm
                   NIVEL1   0x000cf8    program     static C:\MicrochipProjects\ProyectoFinal.X\main.asm
                   NIVEL2   0x000d18    program     static C:\MicrochipProjects\ProyectoFinal.X\main.asm
                   NIVEL3   0x000d54    program     static C:\MicrochipProjects\ProyectoFinal.X\main.asm
                   NIVEL4   0x000dac    program     static C:\MicrochipProjects\ProyectoFinal.X\main.asm
                   NIVEL5   0x000e20    program     static C:\MicrochipProjects\ProyectoFinal.X\main.asm
                   NIVEL6   0x000eb0    program     static C:\MicrochipProjects\ProyectoFinal.X\main.asm
                   NIVEL7   0x000f5c    program     static C:\MicrochipProjects\ProyectoFinal.X\main.asm
                   NIVEL8   0x001024    program     static C:\MicrochipProjects\ProyectoFinal.X\main.asm
                   NIVEL9   0x001108    program     static C:\MicrochipProjects\ProyectoFinal.X\main.asm
                  NIVEL10   0x001208    program     static C:\MicrochipProjects\ProyectoFinal.X\main.asm


