MPLINK 5.09, LINKER
Linker Map File - Created Wed Oct 06 21:02:30 2021

                                 Section Info
                  Section       Type    Address   Location Size(Bytes)
                ---------  ---------  ---------  ---------  ---------
                   .org_0       code   0x000000    program   0x000004
                   .cinit    romdata   0x000004    program   0x000002
                   .org_1       code   0x000008    program   0x000002
                   .org_2       code   0x000018    program   0x000002
                   .org_3       code   0x000030    program   0x00000a
                   .org_4       code   0x000040    program   0x00009a



                              Program Memory Usage 
                               Start         End      
                           ---------   ---------      
                            0x000000    0x000005      
                            0x000008    0x000009      
                            0x000018    0x000019      
                            0x000030    0x000039      
                            0x000040    0x0000d9      
            174 out of 33048 program addresses used, program memory utilization is 0%



                              Symbols - Sorted by Name
                     Name    Address   Location    Storage File                     
                ---------  ---------  ---------  --------- ---------                
                CONFIGURE   0x000030    program     static C:\MicrochipProjects\Tarea4.X\LCD.asm
                DATA_READ   0x000086    program     static C:\MicrochipProjects\Tarea4.X\LCD.asm
               DATA_WRITE   0x00007e    program     static C:\MicrochipProjects\Tarea4.X\LCD.asm
               ESPERA_LCD   0x00009e    program     static C:\MicrochipProjects\Tarea4.X\LCD.asm
                 INFINITE   0x00005e    program     static C:\MicrochipProjects\Tarea4.X\LCD.asm
        INSTRUCTION_WRITE   0x000076    program     static C:\MicrochipProjects\Tarea4.X\LCD.asm
                    PORTS   0x000030    program     static C:\MicrochipProjects\Tarea4.X\LCD.asm
                  REGRESA   0x0000a8    program     static C:\MicrochipProjects\Tarea4.X\LCD.asm
                SEND_DATA   0x00008e    program     static C:\MicrochipProjects\Tarea4.X\LCD.asm
                    START   0x000040    program     static C:\MicrochipProjects\Tarea4.X\LCD.asm
                  WRITING   0x000062    program     static C:\MicrochipProjects\Tarea4.X\LCD.asm
               delay100ms   0x0000c4    program     static C:\MicrochipProjects\Tarea4.X\LCD.asm
               delay100us   0x0000b8    program     static C:\MicrochipProjects\Tarea4.X\LCD.asm
                    loop1   0x0000bc    program     static C:\MicrochipProjects\Tarea4.X\LCD.asm
                    loop2   0x0000cc    program     static C:\MicrochipProjects\Tarea4.X\LCD.asm



                              Symbols - Sorted by Address
                     Name    Address   Location    Storage File                     
                ---------  ---------  ---------  --------- ---------                
                CONFIGURE   0x000030    program     static C:\MicrochipProjects\Tarea4.X\LCD.asm
                    PORTS   0x000030    program     static C:\MicrochipProjects\Tarea4.X\LCD.asm
                    START   0x000040    program     static C:\MicrochipProjects\Tarea4.X\LCD.asm
                 INFINITE   0x00005e    program     static C:\MicrochipProjects\Tarea4.X\LCD.asm
                  WRITING   0x000062    program     static C:\MicrochipProjects\Tarea4.X\LCD.asm
        INSTRUCTION_WRITE   0x000076    program     static C:\MicrochipProjects\Tarea4.X\LCD.asm
               DATA_WRITE   0x00007e    program     static C:\MicrochipProjects\Tarea4.X\LCD.asm
                DATA_READ   0x000086    program     static C:\MicrochipProjects\Tarea4.X\LCD.asm
                SEND_DATA   0x00008e    program     static C:\MicrochipProjects\Tarea4.X\LCD.asm
               ESPERA_LCD   0x00009e    program     static C:\MicrochipProjects\Tarea4.X\LCD.asm
                  REGRESA   0x0000a8    program     static C:\MicrochipProjects\Tarea4.X\LCD.asm
               delay100us   0x0000b8    program     static C:\MicrochipProjects\Tarea4.X\LCD.asm
                    loop1   0x0000bc    program     static C:\MicrochipProjects\Tarea4.X\LCD.asm
               delay100ms   0x0000c4    program     static C:\MicrochipProjects\Tarea4.X\LCD.asm
                    loop2   0x0000cc    program     static C:\MicrochipProjects\Tarea4.X\LCD.asm


