MPLINK 5.09, LINKER
Linker Map File - Created Tue Nov 23 14:31:48 2021

                                 Section Info
                  Section       Type    Address   Location Size(Bytes)
                ---------  ---------  ---------  ---------  ---------
                   .org_0       code   0x000000    program   0x000004
                   .cinit    romdata   0x000004    program   0x000002
                   .org_1       code   0x000008    program   0x000004
                   .org_2       code   0x000018    program   0x000008
                   .org_3       code   0x000030    program   0x0000bc
.config_300000_BUILD/DEFAULT/DEBUG/MAIN.O    romdata   0x300000    program   0x000001
.config_300001_BUILD/DEFAULT/DEBUG/MAIN.O    romdata   0x300001    program   0x000001
.config_300002_BUILD/DEFAULT/DEBUG/MAIN.O    romdata   0x300002    program   0x000001
.config_300003_BUILD/DEFAULT/DEBUG/MAIN.O    romdata   0x300003    program   0x000001
.config_300005_BUILD/DEFAULT/DEBUG/MAIN.O    romdata   0x300005    program   0x000001
.config_300006_BUILD/DEFAULT/DEBUG/MAIN.O    romdata   0x300006    program   0x000001



                              Program Memory Usage 
                               Start         End      
                           ---------   ---------      
                            0x000000    0x000005      
                            0x000008    0x00000b      
                            0x000018    0x00001f      
                            0x000030    0x0000eb      
                            0x300000    0x300003      
                            0x300005    0x300006      
            212 out of 33048 program addresses used, program memory utilization is 0%



                              Symbols - Sorted by Name
                     Name    Address   Location    Storage File                     
                ---------  ---------  ---------  --------- ---------                
                     CERO   0x0000a0    program     static C:\MicrochipProjects\ProyectoFinal_Lab.X\main.asm
                    CINCO   0x0000ce    program     static C:\MicrochipProjects\ProyectoFinal_Lab.X\main.asm
                   CUATRO   0x0000c4    program     static C:\MicrochipProjects\ProyectoFinal_Lab.X\main.asm
        DATA_TRANSMISSION   0x00004e    program     static C:\MicrochipProjects\ProyectoFinal_Lab.X\main.asm
                      DOS   0x0000b0    program     static C:\MicrochipProjects\ProyectoFinal_Lab.X\main.asm
                 HIGH_INT   0x00001a    program     static C:\MicrochipProjects\ProyectoFinal_Lab.X\main.asm
             PORTS_CONFIG   0x000020    program     static C:\MicrochipProjects\ProyectoFinal_Lab.X\main.asm
                       R1   0x00005c    program     static C:\MicrochipProjects\ProyectoFinal_Lab.X\main.asm
            TIMER0_CONFIG   0x00003c    program     static C:\MicrochipProjects\ProyectoFinal_Lab.X\main.asm
                     TRES   0x0000ba    program     static C:\MicrochipProjects\ProyectoFinal_Lab.X\main.asm
                      UNO   0x0000a6    program     static C:\MicrochipProjects\ProyectoFinal_Lab.X\main.asm
                   _ERROR   0x0000d8    program     static C:\MicrochipProjects\ProyectoFinal_Lab.X\main.asm



                              Symbols - Sorted by Address
                     Name    Address   Location    Storage File                     
                ---------  ---------  ---------  --------- ---------                
                 HIGH_INT   0x00001a    program     static C:\MicrochipProjects\ProyectoFinal_Lab.X\main.asm
             PORTS_CONFIG   0x000020    program     static C:\MicrochipProjects\ProyectoFinal_Lab.X\main.asm
            TIMER0_CONFIG   0x00003c    program     static C:\MicrochipProjects\ProyectoFinal_Lab.X\main.asm
        DATA_TRANSMISSION   0x00004e    program     static C:\MicrochipProjects\ProyectoFinal_Lab.X\main.asm
                       R1   0x00005c    program     static C:\MicrochipProjects\ProyectoFinal_Lab.X\main.asm
                     CERO   0x0000a0    program     static C:\MicrochipProjects\ProyectoFinal_Lab.X\main.asm
                      UNO   0x0000a6    program     static C:\MicrochipProjects\ProyectoFinal_Lab.X\main.asm
                      DOS   0x0000b0    program     static C:\MicrochipProjects\ProyectoFinal_Lab.X\main.asm
                     TRES   0x0000ba    program     static C:\MicrochipProjects\ProyectoFinal_Lab.X\main.asm
                   CUATRO   0x0000c4    program     static C:\MicrochipProjects\ProyectoFinal_Lab.X\main.asm
                    CINCO   0x0000ce    program     static C:\MicrochipProjects\ProyectoFinal_Lab.X\main.asm
                   _ERROR   0x0000d8    program     static C:\MicrochipProjects\ProyectoFinal_Lab.X\main.asm


